INFO    | Android emulator version 35.2.10.0 (build_id 12414864) (CL:N/A)
INFO    | Graphics backend: gfxstream
DEBUG   | Current emulator version 35.2.10 is the same as the required version 35.2.10.
INFO    | Deleting C:\Users\krist\.android\avd\..\avd\Pixel_7a_API_35.avd\bootcompleted.ini done
INFO    | Deleting C:\Users\krist\.android\avd\..\avd\Pixel_7a_API_35.avd\snapshot.trace done
INFO    | Found AVD name 'Pixel_7a_API_35'
INFO    | Found AVD target architecture: x86_64
INFO    | argv[0]: 'C:\Users\krist\AppData\Local\Android\Sdk\emulator\emulator.EXE'; program directory: 'C:\Users\krist\AppData\Local\Android\Sdk\emulator'
INFO    | Found systemPath C:\Users\krist\AppData\Local\Android\Sdk\system-images\android-35\google_apis_playstore_ps16k\x86_64\
INFO    | Duplicate loglines will be removed, if you wish to see each individual line launch with the -log-nofilter flag.
DEBUG   | autoconfig: -skin pixel_7a
DEBUG   | autoconfig: -skindir C:\Users\krist\AppData\Local\Android\Sdk\skins\
DEBUG   | querying file version info API...
DEBUG   | found kernelbase.dll
DEBUG   | GetFileVersionInfoSizeW found. On Windows 10?
DEBUG   | GetFileVersionInfoW found. On Windows 10?
DEBUG   | VerQueryValueW found. Can query file versions
DEBUG   | queryFileVersionInfo: path not found: amdvlk64.dll
DEBUG   | querying file version info API...
DEBUG   | queryFileVersionInfo: path not found: amdvlk32.dll
DEBUG   | querying file version info API...
DEBUG   | autoconfig: -kernel C:\Users\krist\AppData\Local\Android\Sdk\system-images\android-35\google_apis_playstore_ps16k\x86_64\\kernel-ranchu
DEBUG   | Target arch = 'x86_64'
DEBUG   | Auto-detect: Kernel image requires new device naming scheme.
DEBUG   | Auto-detect: Kernel does not support YAFFS2 partitions.
DEBUG   | autoconfig: -ramdisk C:\Users\krist\AppData\Local\Android\Sdk\system-images\android-35\google_apis_playstore_ps16k\x86_64\\ramdisk.img
DEBUG   | Using initial system image: C:\Users\krist\AppData\Local\Android\Sdk\system-images\android-35\google_apis_playstore_ps16k\x86_64\\system.img
DEBUG   | Using initial vendor image: C:\Users\krist\AppData\Local\Android\Sdk\system-images\android-35\google_apis_playstore_ps16k\x86_64\\vendor.img
DEBUG   | autoconfig: -data C:\Users\krist\.android\avd\..\avd\Pixel_7a_API_35.avd\userdata-qemu.img
DEBUG   | autoconfig: -initdata (null)
DEBUG   | autoconfig: -cache C:\Users\krist\.android\avd\..\avd\Pixel_7a_API_35.avd\cache.img
DEBUG   | autoconfig: -sdcard C:\Users\krist\.android\avd\..\avd\Pixel_7a_API_35.avd\sdcard.img
DEBUG   | Physical RAM size: 2048MB
DEBUG   | VM heap size 256MB is below hardware specified minimum of 512MB,setting it to that value
DEBUG   | System image is read only
INFO    | IPv4 server found: 192.168.1.1
INFO    | Ignore IPv6 address: 70f8:d7d5:2902:0:10f3:d7d5:2902:0
INFO    | Ignore IPv6 address: 70f8:d7d5:2902:0:10f3:d7d5:2902:0
INFO    | Ignore IPv6 address: 70f8:d7d5:2902:0:10f3:d7d5:2902:0
INFO    | Ignore IPv6 address: a000:d8d5:2902:0:10f3:d7d5:2902:0
INFO    | Ignore IPv6 address: a000:d8d5:2902:0:10f3:d7d5:2902:0
INFO    | Ignore IPv6 address: a000:d8d5:2902:0:10f3:d7d5:2902:0
INFO    | Ignore IPv6 address: b806:d8d5:2902:0:10f3:d7d5:2902:0
INFO    | Ignore IPv6 address: b806:d8d5:2902:0:10f3:d7d5:2902:0
INFO    | Ignore IPv6 address: b806:d8d5:2902:0:10f3:d7d5:2902:0
INFO    | Ignore IPv6 address: c018:d8d5:2902:0:10f3:d7d5:2902:0
INFO    | Ignore IPv6 address: c018:d8d5:2902:0:10f3:d7d5:2902:0
INFO    | Ignore IPv6 address: c018:d8d5:2902:0:10f3:d7d5:2902:0
INFO    | Ignore IPv6 address: e01e:d8d5:2902:0:10f3:d7d5:2902:0
INFO    | Ignore IPv6 address: e01e:d8d5:2902:0:10f3:d7d5:2902:0
INFO    | Ignore IPv6 address: e01e:d8d5:2902:0:10f3:d7d5:2902:0
DEBUG   | Found 1 DNS servers:
DEBUG   | 	192.168.1.1
DEBUG   | Starting hostapd main loop.
DEBUG   | trying to load skin file 'C:\Users\krist\AppData\Local\Android\Sdk\skins\\pixel_7a\layout'
DEBUG   | Requested console port 14102: Inferring adb port 14103.
DEBUG   | CPU Acceleration: working
DEBUG   | CPU Acceleration status: AEHD (version 2.2) is installed and usable.
DEBUG   | handleCpuAcceleration: feature check for hvf
DEBUG   | Bluetooth requested by guest
DEBUG   | started modem simulator host server at port: 50801
INFO    | Critical: 
INFO    | Warning: 
INFO    | Warning: 
INFO    | Warning: 
INFO    | Warning: 
INFO    | Warning: 
INFO    | Warning: 
INFO    | Warning: 
INFO    | Storing crashdata in: C:\Users\krist\AppData\Local\Temp\\AndroidEmulator\emu-crash-35.2.10.db, detection is enabled for process: 18304
library_mode host gpu mode host
DEBUG   | emuglConfig_get_vulkan_hardware_gpu: Successfully created vulkan instance

ERROR   | emuglConfig_get_vulkan_hardware_gpu: Failed to query physical devices count 5

HookApp::findGameWindow, injectWindow: 0000000000000000
HookApp::findGameWindow, graphicsWindow: 0000000000000000
DEBUG   | GPU emulation enabled using 'host' mode
INFO    | Initializing hardware OpenGLES emulation support
android_startOpenglesRenderer: gpu infoGPU #1
  Make: 10de
  Model: NVIDIA GeForce GTX 1650
  Device ID: 1f99
I1025 10:08:55.968830   11620 HealthMonitor.cpp:279] HealthMonitor disabled.
DEBUG   | create display 0
DEBUG   | setDisplayPose 0 x 0 y 0 w 1080 h 2400 dpi 0
I1025 10:08:55.969370   11620 VulkanDispatch.cpp:137] Added library: vulkan-1.dll
E1025 10:08:56.007470   11620 VkCommonOperations.cpp:955] No physical devices available.
E1025 10:08:56.007862   11620 FrameBuffer.cpp:338] Failed to initialize global Vulkan emulation. Disable the Vulkan support.
E1025 10:08:56.120021   11620 VkCommonOperations.cpp:1526] VkEmulation is either not initialized or destroyed.
I1025 10:08:56.120034   11620 FrameBuffer.cpp:522] Graphics Adapter Vendor Google (NVIDIA Corporation)
I1025 10:08:56.120037   11620 FrameBuffer.cpp:523] Graphics Adapter Android Emulator OpenGL ES Translator (NVIDIA GeForce GTX 1650/PCIe/SSE2)
I1025 10:08:56.120039   11620 FrameBuffer.cpp:524] Graphics API Version OpenGL ES 3.0 (4.5.0 NVIDIA 560.94)
I1025 10:08:56.120041   11620 FrameBuffer.cpp:525] Graphics API Extensions GL_OES_EGL_sync GL_OES_EGL_image GL_OES_EGL_image_external GL_OES_depth24 GL_OES_depth32 GL_OES_element_index_uint GL_OES_texture_float GL_OES_texture_float_linear GL_OES_compressed_paletted_texture GL_OES_compressed_ETC1_RGB8_texture GL_OES_depth_texture GL_OES_texture_half_float GL_OES_texture_half_float_linear GL_OES_packed_depth_stencil GL_OES_vertex_half_float GL_OES_texture_npot GL_OES_rgb8_rgba8 GL_OVR_multiview2 GL_EXT_multiview_texture_multisample GL_EXT_color_buffer_float GL_EXT_color_buffer_half_float GL_EXT_texture_format_BGRA8888 GL_APPLE_texture_format_BGRA8888 GL_EXT_texture_buffer 
I1025 10:08:56.120044   11620 FrameBuffer.cpp:526] Graphics Device Extensions N/A
INFO    | Setting vsync to 60 hz
INFO    | Sending adb public key [QAAAAKcfoN3pZyH4TwhOZgo3hok2UNsqq9k7Ftwp1+PCdVbCTpXkOskCoTb8LFbLjFqDg0E7wySEQZ4BdyuRCarUNbPxi8g5+wHHKxmEC/xDNta/nMm3IxmEhqKg9JPpllp3O7Qo+02zKuyRxnMqJcCwA74d3EBEAGaYnDvAYgmnnmlwVd8WqgFjV2+lqNzbfqA2TPpCrARkQI3BoHYDZbQifCj+YTd/GTe3zVKea5luyTkwsiVXd9YPq2IE7hQQS3CTxcF5zWkLvYvX4p2hjXvzCT0txxaq210mlxBlTDuPSXJs21/DSS7hM3fztgAigSxVR0aFesnC6BGJiTczrHENzUv05NPKEUO387TYMJkiRGEBAYCnBMmJT88dVDJKB4m5DMNGESw4TjWndlXLyC8bK/yoPyRhO29MeLEvSnB0RXsYDQNj/UdbFwfGhthCgxFGiIhHmATbJiHqowwNGuE0HEa27kA7XqhvbtbK/DupfEUsCxOhpYIY2vWcXzYcpxWEr8TIqjUsg18PWzPz9zyw47BrNTSeUK5GwBLQrQBwYDEy7Q/BT920ZTb5EDnzRh3hKyf3dHQWP4vuPdPYUJQs+5Hjg72qNlVNZoGckJMoCePhXPKoDivkQkrQM1XNQzBCUFJfmFVqk99YM2WcnmeOr8IOF3v+8GE1RLvPoLJydURusdMskQEAAQA= @unknown]
WARNING | Ignoring invalid parameter detected in function: 0000000000000000 file: 0000000000000000, line: 0, expression: 0000000000000000
DEBUG   | Found 1 DNS servers:
DEBUG   | 	192.168.1.1
INFO    | Content of hardware configuration file:
INFO    | 	hw.cpu.arch = x86_64
INFO    | 	hw.cpu.ncore = 4
INFO    | 	hw.ramSize = 2048
INFO    | 	hw.screen = multi-touch
INFO    | 	hw.mainKeys = false
INFO    | 	hw.trackBall = false
INFO    | 	hw.keyboard = true
INFO    | 	hw.keyboard.lid = false
INFO    | 	hw.keyboard.charmap = qwerty2
INFO    | 	hw.dPad = false
INFO    | 	hw.rotaryInput = false
INFO    | 	hw.gsmModem = true
INFO    | 	hw.gps = true
INFO    | 	hw.battery = true
INFO    | 	hw.accelerometer = true
INFO    | 	hw.accelerometer_uncalibrated = true
INFO    | 	hw.gyroscope = true
INFO    | 	hw.audioInput = true
INFO    | 	hw.audioOutput = true
INFO    | 	hw.sdCard = true
INFO    | 	hw.sdCard.path = C:\Users\krist\.android\avd\..\avd\Pixel_7a_API_35.avd\sdcard.img
INFO    | 	disk.cachePartition = true
INFO    | 	disk.cachePartition.path = C:\Users\krist\.android\avd\..\avd\Pixel_7a_API_35.avd\cache.img
INFO    | 	disk.cachePartition.size = 66m
INFO    | 	test.quitAfterBootTimeOut = -1
INFO    | 	test.delayAdbTillBootComplete = 0
INFO    | 	test.monitorAdb = 0
INFO    | 	hw.lcd.width = 1080
INFO    | 	hw.lcd.height = 2400
INFO    | 	hw.lcd.depth = 16
INFO    | 	hw.lcd.circular = false
INFO    | 	hw.lcd.density = 420
INFO    | 	hw.lcd.backlight = true
INFO    | 	hw.lcd.vsync = 60
INFO    | 	hw.gltransport = pipe
INFO    | 	hw.gltransport.asg.writeBufferSize = 1048576
INFO    | 	hw.gltransport.asg.writeStepSize = 4096
INFO    | 	hw.gltransport.asg.dataRingSize = 32768
INFO    | 	hw.gltransport.drawFlushInterval = 800
INFO    | 	hw.displayRegion.0.1.xOffset = -1
INFO    | 	hw.displayRegion.0.1.yOffset = -1
INFO    | 	hw.displayRegion.0.1.width = 0
INFO    | 	hw.displayRegion.0.1.height = 0
INFO    | 	hw.displayRegion.0.2.xOffset = -1
INFO    | 	hw.displayRegion.0.2.yOffset = -1
INFO    | 	hw.displayRegion.0.2.width = 0
INFO    | 	hw.displayRegion.0.2.height = 0
INFO    | 	hw.displayRegion.0.3.xOffset = -1
INFO    | 	hw.displayRegion.0.3.yOffset = -1
INFO    | 	hw.displayRegion.0.3.width = 0
INFO    | 	hw.displayRegion.0.3.height = 0
INFO    | 	hw.display1.width = 0
INFO    | 	hw.display1.height = 0
INFO    | 	hw.display1.density = 0
INFO    | 	hw.display1.xOffset = -1
INFO    | 	hw.display1.yOffset = -1
INFO    | 	hw.display1.flag = 0
INFO    | 	hw.display2.width = 0
INFO    | 	hw.display2.height = 0
INFO    | 	hw.display2.density = 0
INFO    | 	hw.display2.xOffset = -1
INFO    | 	hw.display2.yOffset = -1
INFO    | 	hw.display2.flag = 0
INFO    | 	hw.display3.width = 0
INFO    | 	hw.display3.height = 0
INFO    | 	hw.display3.density = 0
INFO    | 	hw.display3.xOffset = -1
INFO    | 	hw.display3.yOffset = -1
INFO    | 	hw.display3.flag = 0
INFO    | 	hw.multi_display_window = false
INFO    | 	hw.hotplug_multi_display = false
INFO    | 	hw.gpu.enabled = true
INFO    | 	hw.gpu.mode = host
INFO    | 	hw.initialOrientation = landscape
INFO    | 	hw.camera.back = virtualscene
INFO    | 	hw.camera.front = emulated
INFO    | 	vm.heapSize = 512
INFO    | 	hw.sensors.light = true
INFO    | 	hw.sensors.pressure = true
INFO    | 	hw.sensors.humidity = true
INFO    | 	hw.sensors.proximity = true
INFO    | 	hw.sensors.magnetic_field = true
INFO    | 	hw.sensors.magnetic_field_uncalibrated = true
INFO    | 	hw.sensors.gyroscope_uncalibrated = true
INFO    | 	hw.sensors.orientation = true
INFO    | 	hw.sensors.temperature = true
INFO    | 	hw.sensors.rgbclight = false
INFO    | 	hw.sensor.hinge = false
INFO    | 	hw.sensor.hinge.count = 0
INFO    | 	hw.sensor.hinge.type = 0
INFO    | 	hw.sensor.hinge.sub_type = 0
INFO    | 	hw.sensor.hinge.resizable.config = 1
INFO    | 	hw.sensor.hinge.fold_to_displayRegion.0.1_at_posture = 1
INFO    | 	hw.sensor.roll = false
INFO    | 	hw.sensor.roll.count = 0
INFO    | 	hw.sensor.roll.resize_to_displayRegion.0.1_at_posture = 6
INFO    | 	hw.sensor.roll.resize_to_displayRegion.0.2_at_posture = 6
INFO    | 	hw.sensor.roll.resize_to_displayRegion.0.3_at_posture = 6
INFO    | 	hw.sensors.heart_rate = false
INFO    | 	hw.sensors.wrist_tilt = false
INFO    | 	hw.useext4 = true
INFO    | 	hw.arc = false
INFO    | 	hw.arc.autologin = false
INFO    | 	hw.device.name = pixel_7a
INFO    | 	kernel.path = C:\Users\krist\AppData\Local\Android\Sdk\system-images\android-35\google_apis_playstore_ps16k\x86_64\\kernel-ranchu
INFO    | 	kernel.newDeviceNaming = yes
INFO    | 	kernel.supportsYaffs2 = no
INFO    | 	disk.ramdisk.path = C:\Users\krist\AppData\Local\Android\Sdk\system-images\android-35\google_apis_playstore_ps16k\x86_64\\ramdisk.img
INFO    | 	disk.systemPartition.initPath = C:\Users\krist\AppData\Local\Android\Sdk\system-images\android-35\google_apis_playstore_ps16k\x86_64\\system.img
INFO    | 	disk.systemPartition.size = 2411m
INFO    | 	disk.vendorPartition.initPath = C:\Users\krist\AppData\Local\Android\Sdk\system-images\android-35\google_apis_playstore_ps16k\x86_64\\vendor.img
INFO    | 	disk.vendorPartition.size = 800m
INFO    | 	disk.dataPartition.path = C:\Users\krist\.android\avd\..\avd\Pixel_7a_API_35.avd\userdata-qemu.img
INFO    | 	disk.dataPartition.size = 6g
INFO    | 	disk.encryptionKeyPartition.path = C:\Users\krist\.android\avd\..\avd\Pixel_7a_API_35.avd\encryptionkey.img
INFO    | 	PlayStore.enabled = true
INFO    | 	avd.name = Pixel_7a_API_35
INFO    | 	avd.id = Pixel_7a_API_35
INFO    | 	fastboot.forceColdBoot = false
INFO    | 	userdata.useQcow2 = true
INFO    | 	firstboot.bootFromDownloadableSnapshot = true
INFO    | 	firstboot.bootFromLocalSnapshot = true
INFO    | 	firstboot.saveToLocalSnapshot = true
INFO    | 	android.sdk.root = C:\Users\krist\AppData\Local\Android\Sdk
INFO    | 	android.avd.home = C:\Users\krist\.android\avd
INFO    | .
INFO    | QEMU options list:
INFO    | 	 argv[00] = "C:\Users\krist\AppData\Local\Android\Sdk\emulator\qemu\windows-x86_64\qemu-system-x86_64.exe"
INFO    | 	 argv[01] = "-read-only"
INFO    | 	 argv[02] = "-dns-server"
INFO    | 	 argv[03] = "192.168.1.1"
INFO    | 	 argv[04] = "-no-audio"
INFO    | 	 argv[05] = "-mem-path"
INFO    | 	 argv[06] = "C:\Users\krist\.android\avd\Pixel_7a_API_35.avd\snapshots\default_boot\ram.img"
INFO    | 	 argv[07] = "-serial"
INFO    | 	 argv[08] = "null"
INFO    | 	 argv[09] = "-android-ports"
INFO    | 	 argv[10] = "14102,14103"
INFO    | 	 argv[11] = "-device"
INFO    | 	 argv[12] = "goldfish_pstore,addr=0xff018000,size=0x10000,file=C:\Users\krist\.android\avd\..\avd\Pixel_7a_API_35.avd\data\misc\pstore\pstore.bin"
INFO    | 	 argv[13] = "-cpu"
INFO    | 	 argv[14] = "android64"
INFO    | 	 argv[15] = "-enable-aehd"
INFO    | 	 argv[16] = "-smp"
INFO    | 	 argv[17] = "cores=4"
INFO    | 	 argv[18] = "-m"
INFO    | 	 argv[19] = "2048"
INFO    | 	 argv[20] = "-lcd-density"
INFO    | 	 argv[21] = "420"
INFO    | 	 argv[22] = "-nodefaults"
INFO    | 	 argv[23] = "-kernel"
INFO    | 	 argv[24] = "C:\Users\krist\AppData\Local\Android\Sdk\system-images\android-35\google_apis_playstore_ps16k\x86_64\\kernel-ranchu"
INFO    | 	 argv[25] = "-initrd"
INFO    | 	 argv[26] = "C:\Users\krist\.android\avd\..\avd\Pixel_7a_API_35.avd\initrd"
INFO    | 	 argv[27] = "-drive"
INFO    | 	 argv[28] = "if=none,index=0,id=system,if=none,file=C:\Users\krist\AppData\Local\Android\Sdk\system-images\android-35\google_apis_playstore_ps16k\x86_64\\system.img,read-only"
INFO    | 	 argv[29] = "-device"
INFO    | 	 argv[30] = "virtio-blk-pci,drive=system,modern-pio-notify"
INFO    | 	 argv[31] = "-drive"
INFO    | 	 argv[32] = "if=none,index=1,id=cache,if=none,file=C:\Users\krist\.android\avd\..\avd\Pixel_7a_API_35.avd\cache.img.qcow2,overlap-check=none,cache=unsafe,l2-cache-size=1048576"
INFO    | 	 argv[33] = "-device"
INFO    | 	 argv[34] = "virtio-blk-pci,drive=cache,modern-pio-notify"
INFO    | 	 argv[35] = "-drive"
INFO    | 	 argv[36] = "if=none,index=2,id=userdata,if=none,file=C:\Users\krist\.android\avd\..\avd\Pixel_7a_API_35.avd\userdata-qemu.img.qcow2,overlap-check=none,cache=unsafe,l2-cache-size=1048576"
INFO    | 	 argv[37] = "-device"
INFO    | 	 argv[38] = "virtio-blk-pci,drive=userdata,modern-pio-notify"
INFO    | 	 argv[39] = "-drive"
INFO    | 	 argv[40] = "if=none,index=3,id=encrypt,if=none,file=C:\Users\krist\.android\avd\..\avd\Pixel_7a_API_35.avd\encryptionkey.img.qcow2,overlap-check=none,cache=unsafe,l2-cache-size=1048576"
INFO    | 	 argv[41] = "-device"
INFO    | 	 argv[42] = "virtio-blk-pci,drive=encrypt,modern-pio-notify"
INFO    | 	 argv[43] = "-drive"
INFO    | 	 argv[44] = "if=none,index=4,id=vendor,if=none,file=C:\Users\krist\AppData\Local\Android\Sdk\system-images\android-35\google_apis_playstore_ps16k\x86_64\\vendor.img,read-only"
INFO    | 	 argv[45] = "-device"
INFO    | 	 argv[46] = "virtio-blk-pci,drive=vendor,modern-pio-notify"
INFO    | 	 argv[47] = "-drive"
INFO    | 	 argv[48] = "if=none,index=5,id=sdcard,if=none,file=C:\Users\krist\.android\avd\..\avd\Pixel_7a_API_35.avd\sdcard.img.qcow2,overlap-check=none,cache=unsafe,l2-cache-size=1048576"
INFO    | 	 argv[49] = "-device"
INFO    | 	 argv[50] = "virtio-blk-pci,drive=sdcard,modern-pio-notify"
INFO    | 	 argv[51] = "-netdev"
INFO    | 	 argv[52] = "user,id=mynet"
INFO    | 	 argv[53] = "-device"
INFO    | 	 argv[54] = "virtio-net-pci,netdev=mynet"
INFO    | 	 argv[55] = "-chardev"
INFO    | 	 argv[56] = "null,id=forhvc0"
INFO    | 	 argv[57] = "-chardev"
INFO    | 	 argv[58] = "null,id=forhvc1"
INFO    | 	 argv[59] = "-device"
INFO    | 	 argv[60] = "virtio-serial-pci,ioeventfd=off"
INFO    | 	 argv[61] = "-device"
INFO    | 	 argv[62] = "virtconsole,chardev=forhvc0"
INFO    | 	 argv[63] = "-device"
INFO    | 	 argv[64] = "virtconsole,chardev=forhvc1"
INFO    | 	 argv[65] = "-chardev"
INFO    | 	 argv[66] = "netsim,id=bluetooth"
INFO    | 	 argv[67] = "-device"
INFO    | 	 argv[68] = "virtserialport,chardev=bluetooth,name=bluetooth"
INFO    | 	 argv[69] = "-device"
INFO    | 	 argv[70] = "virtio-serial,ioeventfd=off"
INFO    | 	 argv[71] = "-chardev"
INFO    | 	 argv[72] = "socket,port=50798,host=::1,nowait,nodelay,reconnect=10,ipv6,id=modem"
INFO    | 	 argv[73] = "-device"
INFO    | 	 argv[74] = "virtserialport,chardev=modem,name=modem"
INFO    | 	 argv[75] = "-device"
INFO    | 	 argv[76] = "virtio-rng-pci"
INFO    | 	 argv[77] = "-show-cursor"
INFO    | 	 argv[78] = "-device"
INFO    | 	 argv[79] = "virtio_input_multi_touch_pci_1"
INFO    | 	 argv[80] = "-device"
INFO    | 	 argv[81] = "virtio_input_multi_touch_pci_2"
INFO    | 	 argv[82] = "-device"
INFO    | 	 argv[83] = "virtio_input_multi_touch_pci_3"
INFO    | 	 argv[84] = "-device"
INFO    | 	 argv[85] = "virtio_input_multi_touch_pci_4"
INFO    | 	 argv[86] = "-device"
INFO    | 	 argv[87] = "virtio_input_multi_touch_pci_5"
INFO    | 	 argv[88] = "-device"
INFO    | 	 argv[89] = "virtio_input_multi_touch_pci_6"
INFO    | 	 argv[90] = "-device"
INFO    | 	 argv[91] = "virtio_input_multi_touch_pci_7"
INFO    | 	 argv[92] = "-device"
INFO    | 	 argv[93] = "virtio_input_multi_touch_pci_8"
INFO    | 	 argv[94] = "-device"
INFO    | 	 argv[95] = "virtio_input_multi_touch_pci_9"
INFO    | 	 argv[96] = "-device"
INFO    | 	 argv[97] = "virtio_input_multi_touch_pci_10"
INFO    | 	 argv[98] = "-device"
INFO    | 	 argv[99] = "virtio_input_multi_touch_pci_11"
INFO    | 	 argv[100] = "-device"
INFO    | 	 argv[101] = "virtio-keyboard-pci"
INFO    | 	 argv[102] = "-netdev"
INFO    | 	 argv[103] = "user,id=virtio-wifi,dhcpstart=10.0.2.16"
INFO    | 	 argv[104] = "-device"
INFO    | 	 argv[105] = "virtio-wifi-pci,netdev=virtio-wifi"
INFO    | 	 argv[106] = "-device"
INFO    | 	 argv[107] = "virtio-vsock-pci,guest-cid=77"
INFO    | 	 argv[108] = "-L"
INFO    | 	 argv[109] = "C:\Users\krist\AppData\Local\Android\Sdk\emulator/lib/pc-bios"
INFO    | 	 argv[110] = "-soundhw"
INFO    | 	 argv[111] = "virtio-snd-pci"
INFO    | 	 argv[112] = "-vga"
INFO    | 	 argv[113] = "none"
INFO    | 	 argv[114] = "-append"
INFO    | 	 argv[115] = "8250.nr_uarts=1 clocksource=pit no_timer_check console=0 loop.max_part=7 ramoops.mem_address=0xff018000 ramoops.mem_size=0x10000 memmap=0x10000$0xff018000 printk.devkmsg=on bootconfig"
INFO    | 	 argv[116] = "-android-hw"
INFO    | 	 argv[117] = "C:\Users\krist\AppData\Local\Temp\\AndroidEmulator\TMP7A22.tmp"
INFO    | Concatenated QEMU options: C:\Users\krist\AppData\Local\Android\Sdk\emulator\qemu\windows-x86_64\qemu-system-x86_64.exe -read-only -dns-server 192.168.1.1 -no-audio -mem-path C:\Users\krist\.android\avd\Pixel_7a_API_35.avd\snapshots\default_boot\ram.img -serial null -android-ports 14102,14103 -device goldfish_pstore,addr=0xff018000,size=0x10000,file=C:\Users\krist\.android\avd\..\avd\Pixel_7a_API_35.avd\data\misc\pstore\pstore.bin -cpu android64 -enable-aehd -smp cores=4 -m 2048 -lcd-density 420 -nodefaults -kernel C:\Users\krist\AppData\Local\Android\Sdk\system-images\android-35\google_apis_playstore_ps16k\x86_64\\kernel-ranchu -initrd C:\Users\krist\.android\avd\..\avd\Pixel_7a_API_35.avd\initrd -drive if=none,index=0,id=system,if=none,file=C:\Users\krist\AppData\Local\Android\Sdk\system-images\android-35\google_apis_playstore_ps16k\x86_64\\system.img,read-only -device virtio-blk-pci,drive=system,modern-pio-notify -drive if=none,index=1,id=cache,if=none,file=C:\Users\krist\.android\avd\..\avd\Pixel_7a_API_35.avd\cache.img.qcow2,overlap-check=none,cache=unsafe,l2-cache-size=1048576 -device virtio-blk-pci,drive=cache,modern-pio-notify -drive if=none,index=2,id=userdata,if=none,file=C:\Users\krist\.android\avd\..\avd\Pixel_7a_API_35.avd\userdata-qemu.img.qcow2,overlap-check=none,cache=unsafe,l2-cache-size=1048576 -device virtio-blk-pci,drive=userdata,modern-pio-notify -drive if=none,index=3,id=encrypt,if=none,file=C:\Users\krist\.android\avd\..\avd\Pixel_7a_API_35.avd\encryptionkey.img.qcow2,overlap-check=none,cache=unsafe,l2-cache-size=1048576 -device virtio-blk-pci,drive=encrypt,modern-pio-notify -drive if=none,index=4,id=vendor,if=none,file=C:\Users\krist\AppData\Local\Android\Sdk\system-images\android-35\google_apis_playstore_ps16k\x86_64\\vendor.img,read-only -device virtio-blk-pci,drive=vendor,modern-pio-notify -drive if=none,index=5,id=sdcard,if=none,file=C:\Users\krist\.android\avd\..\avd\Pixel_7a_API_35.avd\sdcard.img.qcow2,overlap-check=none,cache=unsafe,l2-cache-size=1048576 -device virtio-blk-pci,drive=sdcard,modern-pio-notify -netdev user,id=mynet -device virtio-net-pci,netdev=mynet -chardev null,id=forhvc0 -chardev null,id=forhvc1 -device virtio-serial-pci,ioeventfd=off -device virtconsole,chardev=forhvc0 -device virtconsole,chardev=forhvc1 -chardev netsim,id=bluetooth -device virtserialport,chardev=bluetooth,name=bluetooth -device virtio-serial,ioeventfd=off -chardev socket,port=50798,host=::1,nowait,nodelay,reconnect=10,ipv6,id=modem -device virtserialport,chardev=modem,name=modem -device virtio-rng-pci -show-cursor -device virtio_input_multi_touch_pci_1 -device virtio_input_multi_touch_pci_2 -device virtio_input_multi_touch_pci_3 -device virtio_input_multi_touch_pci_4 -device virtio_input_multi_touch_pci_5 -device virtio_input_multi_touch_pci_6 -device virtio_input_multi_touch_pci_7 -device virtio_input_multi_touch_pci_8 -device virtio_input_multi_touch_pci_9 -device virtio_input_multi_touch_pci_10 -device virtio_input_multi_touch_pci_11 -device virtio-keyboard-pci -netdev user,id=virtio-wifi,dhcpstart=10.0.2.16 -device virtio-wifi-pci,netdev=virtio-wifi -device virtio-vsock-pci,guest-cid=77 -L C:\Users\krist\AppData\Local\Android\Sdk\emulator/lib/pc-bios -soundhw virtio-snd-pci -vga none -append "8250.nr_uarts=1 clocksource=pit no_timer_check console=0 loop.max_part=7 ramoops.mem_address=0xff018000 ramoops.mem_size=0x10000 memmap=0x10000$0xff018000 printk.devkmsg=on bootconfig" -android-hw C:\Users\krist\AppData\Local\Temp\\AndroidEmulator\TMP7A22.tmp
DEBUG   | Android qemu version 35.2.10.0 (build_id 12414864) (CL:N/A)
DEBUG   | Starting QEMU main loop
DEBUG   | android_fopen: Failed to open /qemu.conf, err: 2
DEBUG   | registered 'boot-properties' qemud service
DEBUG   | Adding boot property: 'ro.opengles.version' = '196608'
DEBUG   | Adding boot property: 'qemu.sf.fake_camera' = 'front'
DEBUG   | Adding boot property: 'qemu.adb.secure' = '1'
DEBUG   | Adding boot property: 'dalvik.vm.heapsize' = '512m'
DEBUG   | Adding boot property: 'qemu.hw.mainkeys' = '0'
DEBUG   | Adding boot property: 'qemu.sf.lcd_density' = '420'
AEHD is operational
DEBUG   | goldfish_events.have-dpad: false
DEBUG   | goldfish_events.have-trackball: false
DEBUG   | goldfish_events.have-camera: true
DEBUG   | goldfish_events.have-keyboard: false
DEBUG   | goldfish_events.have-lidswitch: false
DEBUG   | goldfish_events.have-tabletmode: false
DEBUG   | goldfish_events.have-touch: false
DEBUG   | goldfish_events.have-multitouch: false
DEBUG   | Adding boot property: 'net.wifi_mac_prefix' = '14102'
INFO    | Monitoring duration of emulator setup.
WARNING | Requested adb port (14103) is outside the recommended range [5555,5586]. ADB may not function properly for the emulator. See -help-port for details.
DEBUG   | Adding boot property: 'qemu.timezone' = 'Europe/Kiev'
DEBUG   | android_hw_fingerprint_init: fingerprint qemud listen service initialized
INFO    | Qemu slirp is disabled.
DEBUG   | Successfully initialized Wi-Fi
DEBUG   | emulator_window_fb_rotate
I1025 10:08:56.883595    9520 FrameBuffer.cpp:2894] Setting display: 0 configuration to: 1080x2400, dpi: 420x420 
DEBUG   | setDisplayPose 0 x 0 y 0 w 1080 h 2400 dpi 0
I1025 10:08:56.884214    9520 FrameBuffer.cpp:2907] setDisplayActiveConfig 0
DEBUG   | Adjusting window size by 0.38x for hw_lcd_density
DEBUG   | Path:C:\Users\krist\AppData\Local\Android\Sdk\platform-tools\adb.exe protocol version: 41
DEBUG   | Path:C:\Users\krist\AppData\Local\Android\Sdk\platform-tools\adb.exe protocol version: 41
DEBUG   | Found: 2 adb executables
DEBUG   | Adb: C:\Users\krist\AppData\Local\Android\Sdk\platform-tools\adb.exe
DEBUG   | Adb: C:\Users\krist\AppData\Local\Android\Sdk\platform-tools\adb.exe
DEBUG   | Path:C:\Users\krist\AppData\Local\Android\Sdk\platform-tools\adb.exe protocol version: 41
DEBUG   | Path:C:\Users\krist\AppData\Local\Android\Sdk\platform-tools\adb.exe protocol version: 41
INFO    | Activated packet streamer for bluetooth emulation
DEBUG   | config multidisplay with config.ini 0x0 0x0 0x0
DEBUG   | No acpi ini file provided, using default
DEBUG   | added one RIL client
DEBUG   | Crash info: hw.gpu.enabled=yes
DEBUG   | Crash info: hw.cpu.ncore=4
DEBUG   | Crash info: avd_space=140697780440641
DEBUG   | Crash info: disk.dataPartition.size=6G
DEBUG   | Crash info: hw.sensor.hinge=?
DEBUG   | Crash info: hw.gpu.mode=auto
DEBUG   | Crash info: hw.lcd.height=2400
DEBUG   | Crash info: hw.ramSize=2048
DEBUG   | Crash info: hw.lcd.width=1080
DEBUG   | Crash info: PlayStore.enabled=true
DEBUG   | Crash info: cpu_cores=12
DEBUG   | Crash info: free_ram=5498
DEBUG   | Crash info: ro.build.fingerprint=??
DEBUG   | Crash info: sessionId=
INFO    | Loading snapshot 'default_boot'...
DEBUG   | Using the same userId as Android Studio for metrics. id=d4f4c3c4-1086-4c7c-a477-2b6cd84d9d9f
DEBUG   | Adding boot property: 'ro.opengles.version' = '196608'
DEBUG   | Adding boot property: 'qemu.sf.fake_camera' = 'front'
DEBUG   | Adding boot property: 'qemu.adb.secure' = '1'
DEBUG   | Adding boot property: 'dalvik.vm.heapsize' = '512m'
DEBUG   | Adding boot property: 'qemu.hw.mainkeys' = '0'
DEBUG   | Adding boot property: 'qemu.sf.lcd_density' = '420'
DEBUG   | Adding boot property: 'net.wifi_mac_prefix' = '5554'
DEBUG   | Adding boot property: 'qemu.timezone' = 'Europe/Kiev'
DEBUG   | _hwFingerprint_connect: connect finger print listen is called
DEBUG   | Registering pipe service multidisplay
DEBUG   | MultiDisplayPipe created 0000022983439AB0
DEBUG   | loaded display 0
INFO    | Successfully loaded snapshot 'default_boot'
DEBUG   | calling ctec from remote
DEBUG   | added one remote client
E1025 10:09:23.441817   13916 FrameBuffer.cpp:3619] Failed to find ColorBuffer:0
DEBUG   | getMultiDisplay 0 x 0 y 0 w 1080 h 2400 dpi 420 flag 0 enable 1
DEBUG   | getMultiDisplay 0 x 0 y 0 w 1080 h 2400 dpi 420 flag 0 enable 1
DEBUG   | getMultiDisplay 0 x 0 y 0 w 1080 h 2400 dpi 420 flag 0 enable 1
DEBUG   | getMultiDisplay 0 x 0 y 0 w 1080 h 2400 dpi 420 flag 0 enable 1
DEBUG   | getMultiDisplay 0 x 0 y 0 w 1080 h 2400 dpi 420 flag 0 enable 1
DEBUG   | getMultiDisplay 0 x 0 y 0 w 1080 h 2400 dpi 420 flag 0 enable 1
DEBUG   | getMultiDisplay 0 x 0 y 0 w 1080 h 2400 dpi 420 flag 0 enable 1
DEBUG   | getMultiDisplay 0 x 0 y 0 w 1080 h 2400 dpi 420 flag 0 enable 1
DEBUG   | getMultiDisplay 0 x 0 y 0 w 1080 h 2400 dpi 420 flag 0 enable 1
DEBUG   | getMultiDisplay 0 x 0 y 0 w 1080 h 2400 dpi 420 flag 0 enable 1
DEBUG   | getMultiDisplay 0 x 0 y 0 w 1080 h 2400 dpi 420 flag 0 enable 1
DEBUG   | getMultiDisplay 0 x 0 y 0 w 1080 h 2400 dpi 420 flag 0 enable 1
DEBUG   | getMultiDisplay 0 x 0 y 0 w 1080 h 2400 dpi 420 flag 0 enable 1
DEBUG   | getMultiDisplay 0 x 0 y 0 w 1080 h 2400 dpi 420 flag 0 enable 1
DEBUG   | getMultiDisplay 0 x 0 y 0 w 1080 h 2400 dpi 420 flag 0 enable 1
DEBUG   | getMultiDisplay 0 x 0 y 0 w 1080 h 2400 dpi 420 flag 0 enable 1
DEBUG   | getMultiDisplay 0 x 0 y 0 w 1080 h 2400 dpi 420 flag 0 enable 1
DEBUG   | getMultiDisplay 0 x 0 y 0 w 1080 h 2400 dpi 420 flag 0 enable 1
DEBUG   | getMultiDisplay 0 x 0 y 0 w 1080 h 2400 dpi 420 flag 0 enable 1
DEBUG   | getMultiDisplay 0 x 0 y 0 w 1080 h 2400 dpi 420 flag 0 enable 1
DEBUG   | getMultiDisplay 0 x 0 y 0 w 1080 h 2400 dpi 420 flag 0 enable 1
DEBUG   | getMultiDisplay 0 x 0 y 0 w 1080 h 2400 dpi 420 flag 0 enable 1
DEBUG   | getMultiDisplay 0 x 0 y 0 w 1080 h 2400 dpi 420 flag 0 enable 1
DEBUG   | getMultiDisplay 0 x 0 y 0 w 1080 h 2400 dpi 420 flag 0 enable 1
DEBUG   | getMultiDisplay 0 x 0 y 0 w 1080 h 2400 dpi 420 flag 0 enable 1
DEBUG   | getMultiDisplay 0 x 0 y 0 w 1080 h 2400 dpi 420 flag 0 enable 1
DEBUG   | getMultiDisplay 0 x 0 y 0 w 1080 h 2400 dpi 420 flag 0 enable 1
DEBUG   | getMultiDisplay 0 x 0 y 0 w 1080 h 2400 dpi 420 flag 0 enable 1
DEBUG   | getMultiDisplay 0 x 0 y 0 w 1080 h 2400 dpi 420 flag 0 enable 1
DEBUG   | getMultiDisplay 0 x 0 y 0 w 1080 h 2400 dpi 420 flag 0 enable 1
DEBUG   | getMultiDisplay 0 x 0 y 0 w 1080 h 2400 dpi 420 flag 0 enable 1
DEBUG   | getMultiDisplay 0 x 0 y 0 w 1080 h 2400 dpi 420 flag 0 enable 1
DEBUG   | getMultiDisplay 0 x 0 y 0 w 1080 h 2400 dpi 420 flag 0 enable 1
DEBUG   | getMultiDisplay 0 x 0 y 0 w 1080 h 2400 dpi 420 flag 0 enable 1
DEBUG   | getMultiDisplay 0 x 0 y 0 w 1080 h 2400 dpi 420 flag 0 enable 1
DEBUG   | getMultiDisplay 0 x 0 y 0 w 1080 h 2400 dpi 420 flag 0 enable 1
DEBUG   | getMultiDisplay 0 x 0 y 0 w 1080 h 2400 dpi 420 flag 0 enable 1
DEBUG   | getMultiDisplay 0 x 0 y 0 w 1080 h 2400 dpi 420 flag 0 enable 1
DEBUG   | getMultiDisplay 0 x 0 y 0 w 1080 h 2400 dpi 420 flag 0 enable 1
DEBUG   | getMultiDisplay 0 x 0 y 0 w 1080 h 2400 dpi 420 flag 0 enable 1
DEBUG   | getMultiDisplay 0 x 0 y 0 w 1080 h 2400 dpi 420 flag 0 enable 1
DEBUG   | getMultiDisplay 0 x 0 y 0 w 1080 h 2400 dpi 420 flag 0 enable 1
DEBUG   | getMultiDisplay 0 x 0 y 0 w 1080 h 2400 dpi 420 flag 0 enable 1
DEBUG   | getMultiDisplay 0 x 0 y 0 w 1080 h 2400 dpi 420 flag 0 enable 1
DEBUG   | getMultiDisplay 0 x 0 y 0 w 1080 h 2400 dpi 420 flag 0 enable 1
DEBUG   | getMultiDisplay 0 x 0 y 0 w 1080 h 2400 dpi 420 flag 0 enable 1
DEBUG   | getMultiDisplay 0 x 0 y 0 w 1080 h 2400 dpi 420 flag 0 enable 1
DEBUG   | getMultiDisplay 0 x 0 y 0 w 1080 h 2400 dpi 420 flag 0 enable 1
DEBUG   | getMultiDisplay 0 x 0 y 0 w 1080 h 2400 dpi 420 flag 0 enable 1
DEBUG   | getMultiDisplay 0 x 0 y 0 w 1080 h 2400 dpi 420 flag 0 enable 1
DEBUG   | getMultiDisplay 0 x 0 y 0 w 1080 h 2400 dpi 420 flag 0 enable 1
DEBUG   | getMultiDisplay 0 x 0 y 0 w 1080 h 2400 dpi 420 flag 0 enable 1
DEBUG   | getMultiDisplay 0 x 0 y 0 w 1080 h 2400 dpi 420 flag 0 enable 1
DEBUG   | getMultiDisplay 0 x 0 y 0 w 1080 h 2400 dpi 420 flag 0 enable 1
DEBUG   | getMultiDisplay 0 x 0 y 0 w 1080 h 2400 dpi 420 flag 0 enable 1
DEBUG   | getMultiDisplay 0 x 0 y 0 w 1080 h 2400 dpi 420 flag 0 enable 1
DEBUG   | getMultiDisplay 0 x 0 y 0 w 1080 h 2400 dpi 420 flag 0 enable 1
DEBUG   | getMultiDisplay 0 x 0 y 0 w 1080 h 2400 dpi 420 flag 0 enable 1
DEBUG   | getMultiDisplay 0 x 0 y 0 w 1080 h 2400 dpi 420 flag 0 enable 1
DEBUG   | getMultiDisplay 0 x 0 y 0 w 1080 h 2400 dpi 420 flag 0 enable 1
DEBUG   | getMultiDisplay 0 x 0 y 0 w 1080 h 2400 dpi 420 flag 0 enable 1
DEBUG   | getMultiDisplay 0 x 0 y 0 w 1080 h 2400 dpi 420 flag 0 enable 1
DEBUG   | getMultiDisplay 0 x 0 y 0 w 1080 h 2400 dpi 420 flag 0 enable 1
DEBUG   | getMultiDisplay 0 x 0 y 0 w 1080 h 2400 dpi 420 flag 0 enable 1
DEBUG   | getMultiDisplay 0 x 0 y 0 w 1080 h 2400 dpi 420 flag 0 enable 1
DEBUG   | getMultiDisplay 0 x 0 y 0 w 1080 h 2400 dpi 420 flag 0 enable 1
DEBUG   | getMultiDisplay 0 x 0 y 0 w 1080 h 2400 dpi 420 flag 0 enable 1
DEBUG   | getMultiDisplay 0 x 0 y 0 w 1080 h 2400 dpi 420 flag 0 enable 1
DEBUG   | getMultiDisplay 0 x 0 y 0 w 1080 h 2400 dpi 420 flag 0 enable 1
DEBUG   | getMultiDisplay 0 x 0 y 0 w 1080 h 2400 dpi 420 flag 0 enable 1
DEBUG   | getMultiDisplay 0 x 0 y 0 w 1080 h 2400 dpi 420 flag 0 enable 1
DEBUG   | getMultiDisplay 0 x 0 y 0 w 1080 h 2400 dpi 420 flag 0 enable 1
DEBUG   | getMultiDisplay 0 x 0 y 0 w 1080 h 2400 dpi 420 flag 0 enable 1
DEBUG   | getMultiDisplay 0 x 0 y 0 w 1080 h 2400 dpi 420 flag 0 enable 1
DEBUG   | getMultiDisplay 0 x 0 y 0 w 1080 h 2400 dpi 420 flag 0 enable 1
DEBUG   | getMultiDisplay 0 x 0 y 0 w 1080 h 2400 dpi 420 flag 0 enable 1
DEBUG   | getMultiDisplay 0 x 0 y 0 w 1080 h 2400 dpi 420 flag 0 enable 1
DEBUG   | getMultiDisplay 0 x 0 y 0 w 1080 h 2400 dpi 420 flag 0 enable 1
DEBUG   | getMultiDisplay 0 x 0 y 0 w 1080 h 2400 dpi 420 flag 0 enable 1
DEBUG   | getMultiDisplay 0 x 0 y 0 w 1080 h 2400 dpi 420 flag 0 enable 1
DEBUG   | getMultiDisplay 0 x 0 y 0 w 1080 h 2400 dpi 420 flag 0 enable 1
DEBUG   | getMultiDisplay 0 x 0 y 0 w 1080 h 2400 dpi 420 flag 0 enable 1
DEBUG   | getMultiDisplay 0 x 0 y 0 w 1080 h 2400 dpi 420 flag 0 enable 1
DEBUG   | getMultiDisplay 0 x 0 y 0 w 1080 h 2400 dpi 420 flag 0 enable 1
DEBUG   | getMultiDisplay 0 x 0 y 0 w 1080 h 2400 dpi 420 flag 0 enable 1
DEBUG   | getMultiDisplay 0 x 0 y 0 w 1080 h 2400 dpi 420 flag 0 enable 1
DEBUG   | getMultiDisplay 0 x 0 y 0 w 1080 h 2400 dpi 420 flag 0 enable 1
DEBUG   | getMultiDisplay 0 x 0 y 0 w 1080 h 2400 dpi 420 flag 0 enable 1
DEBUG   | getMultiDisplay 0 x 0 y 0 w 1080 h 2400 dpi 420 flag 0 enable 1
DEBUG   | getMultiDisplay 0 x 0 y 0 w 1080 h 2400 dpi 420 flag 0 enable 1
DEBUG   | getMultiDisplay 0 x 0 y 0 w 1080 h 2400 dpi 420 flag 0 enable 1
DEBUG   | getMultiDisplay 0 x 0 y 0 w 1080 h 2400 dpi 420 flag 0 enable 1
DEBUG   | getMultiDisplay 0 x 0 y 0 w 1080 h 2400 dpi 420 flag 0 enable 1
DEBUG   | getMultiDisplay 0 x 0 y 0 w 1080 h 2400 dpi 420 flag 0 enable 1
DEBUG   | getMultiDisplay 0 x 0 y 0 w 1080 h 2400 dpi 420 flag 0 enable 1
DEBUG   | getMultiDisplay 0 x 0 y 0 w 1080 h 2400 dpi 420 flag 0 enable 1
DEBUG   | getMultiDisplay 0 x 0 y 0 w 1080 h 2400 dpi 420 flag 0 enable 1
DEBUG   | getMultiDisplay 0 x 0 y 0 w 1080 h 2400 dpi 420 flag 0 enable 1
DEBUG   | getMultiDisplay 0 x 0 y 0 w 1080 h 2400 dpi 420 flag 0 enable 1
DEBUG   | getMultiDisplay 0 x 0 y 0 w 1080 h 2400 dpi 420 flag 0 enable 1
DEBUG   | getMultiDisplay 0 x 0 y 0 w 1080 h 2400 dpi 420 flag 0 enable 1
DEBUG   | getMultiDisplay 0 x 0 y 0 w 1080 h 2400 dpi 420 flag 0 enable 1
DEBUG   | getMultiDisplay 0 x 0 y 0 w 1080 h 2400 dpi 420 flag 0 enable 1
DEBUG   | getMultiDisplay 0 x 0 y 0 w 1080 h 2400 dpi 420 flag 0 enable 1
DEBUG   | getMultiDisplay 0 x 0 y 0 w 1080 h 2400 dpi 420 flag 0 enable 1
DEBUG   | getMultiDisplay 0 x 0 y 0 w 1080 h 2400 dpi 420 flag 0 enable 1
DEBUG   | getMultiDisplay 0 x 0 y 0 w 1080 h 2400 dpi 420 flag 0 enable 1
DEBUG   | getMultiDisplay 0 x 0 y 0 w 1080 h 2400 dpi 420 flag 0 enable 1
DEBUG   | getMultiDisplay 0 x 0 y 0 w 1080 h 2400 dpi 420 flag 0 enable 1
DEBUG   | getMultiDisplay 0 x 0 y 0 w 1080 h 2400 dpi 420 flag 0 enable 1
DEBUG   | getMultiDisplay 0 x 0 y 0 w 1080 h 2400 dpi 420 flag 0 enable 1
DEBUG   | getMultiDisplay 0 x 0 y 0 w 1080 h 2400 dpi 420 flag 0 enable 1
DEBUG   | getMultiDisplay 0 x 0 y 0 w 1080 h 2400 dpi 420 flag 0 enable 1
DEBUG   | getMultiDisplay 0 x 0 y 0 w 1080 h 2400 dpi 420 flag 0 enable 1
DEBUG   | getMultiDisplay 0 x 0 y 0 w 1080 h 2400 dpi 420 flag 0 enable 1
DEBUG   | getMultiDisplay 0 x 0 y 0 w 1080 h 2400 dpi 420 flag 0 enable 1
DEBUG   | getMultiDisplay 0 x 0 y 0 w 1080 h 2400 dpi 420 flag 0 enable 1
DEBUG   | getMultiDisplay 0 x 0 y 0 w 1080 h 2400 dpi 420 flag 0 enable 1
DEBUG   | getMultiDisplay 0 x 0 y 0 w 1080 h 2400 dpi 420 flag 0 enable 1
DEBUG   | getMultiDisplay 0 x 0 y 0 w 1080 h 2400 dpi 420 flag 0 enable 1
DEBUG   | getMultiDisplay 0 x 0 y 0 w 1080 h 2400 dpi 420 flag 0 enable 1
DEBUG   | getMultiDisplay 0 x 0 y 0 w 1080 h 2400 dpi 420 flag 0 enable 1
DEBUG   | getMultiDisplay 0 x 0 y 0 w 1080 h 2400 dpi 420 flag 0 enable 1
DEBUG   | getMultiDisplay 0 x 0 y 0 w 1080 h 2400 dpi 420 flag 0 enable 1
DEBUG   | getMultiDisplay 0 x 0 y 0 w 1080 h 2400 dpi 420 flag 0 enable 1
DEBUG   | getMultiDisplay 0 x 0 y 0 w 1080 h 2400 dpi 420 flag 0 enable 1
DEBUG   | getMultiDisplay 0 x 0 y 0 w 1080 h 2400 dpi 420 flag 0 enable 1
DEBUG   | getMultiDisplay 0 x 0 y 0 w 1080 h 2400 dpi 420 flag 0 enable 1
DEBUG   | getMultiDisplay 0 x 0 y 0 w 1080 h 2400 dpi 420 flag 0 enable 1
DEBUG   | getMultiDisplay 0 x 0 y 0 w 1080 h 2400 dpi 420 flag 0 enable 1
DEBUG   | getMultiDisplay 0 x 0 y 0 w 1080 h 2400 dpi 420 flag 0 enable 1
DEBUG   | getMultiDisplay 0 x 0 y 0 w 1080 h 2400 dpi 420 flag 0 enable 1
DEBUG   | getMultiDisplay 0 x 0 y 0 w 1080 h 2400 dpi 420 flag 0 enable 1
DEBUG   | getMultiDisplay 0 x 0 y 0 w 1080 h 2400 dpi 420 flag 0 enable 1
DEBUG   | getMultiDisplay 0 x 0 y 0 w 1080 h 2400 dpi 420 flag 0 enable 1
DEBUG   | getMultiDisplay 0 x 0 y 0 w 1080 h 2400 dpi 420 flag 0 enable 1
DEBUG   | getMultiDisplay 0 x 0 y 0 w 1080 h 2400 dpi 420 flag 0 enable 1
DEBUG   | getMultiDisplay 0 x 0 y 0 w 1080 h 2400 dpi 420 flag 0 enable 1
DEBUG   | getMultiDisplay 0 x 0 y 0 w 1080 h 2400 dpi 420 flag 0 enable 1
DEBUG   | getMultiDisplay 0 x 0 y 0 w 1080 h 2400 dpi 420 flag 0 enable 1
DEBUG   | getMultiDisplay 0 x 0 y 0 w 1080 h 2400 dpi 420 flag 0 enable 1
DEBUG   | getMultiDisplay 0 x 0 y 0 w 1080 h 2400 dpi 420 flag 0 enable 1
DEBUG   | getMultiDisplay 0 x 0 y 0 w 1080 h 2400 dpi 420 flag 0 enable 1
DEBUG   | getMultiDisplay 0 x 0 y 0 w 1080 h 2400 dpi 420 flag 0 enable 1
DEBUG   | getMultiDisplay 0 x 0 y 0 w 1080 h 2400 dpi 420 flag 0 enable 1
DEBUG   | getMultiDisplay 0 x 0 y 0 w 1080 h 2400 dpi 420 flag 0 enable 1
DEBUG   | getMultiDisplay 0 x 0 y 0 w 1080 h 2400 dpi 420 flag 0 enable 1
DEBUG   | getMultiDisplay 0 x 0 y 0 w 1080 h 2400 dpi 420 flag 0 enable 1
DEBUG   | getMultiDisplay 0 x 0 y 0 w 1080 h 2400 dpi 420 flag 0 enable 1
DEBUG   | getMultiDisplay 0 x 0 y 0 w 1080 h 2400 dpi 420 flag 0 enable 1
DEBUG   | getMultiDisplay 0 x 0 y 0 w 1080 h 2400 dpi 420 flag 0 enable 1
DEBUG   | getMultiDisplay 0 x 0 y 0 w 1080 h 2400 dpi 420 flag 0 enable 1
DEBUG   | getMultiDisplay 0 x 0 y 0 w 1080 h 2400 dpi 420 flag 0 enable 1
DEBUG   | getMultiDisplay 0 x 0 y 0 w 1080 h 2400 dpi 420 flag 0 enable 1
DEBUG   | getMultiDisplay 0 x 0 y 0 w 1080 h 2400 dpi 420 flag 0 enable 1
DEBUG   | getMultiDisplay 0 x 0 y 0 w 1080 h 2400 dpi 420 flag 0 enable 1
DEBUG   | getMultiDisplay 0 x 0 y 0 w 1080 h 2400 dpi 420 flag 0 enable 1
DEBUG   | getMultiDisplay 0 x 0 y 0 w 1080 h 2400 dpi 420 flag 0 enable 1
DEBUG   | getMultiDisplay 0 x 0 y 0 w 1080 h 2400 dpi 420 flag 0 enable 1
DEBUG   | getMultiDisplay 0 x 0 y 0 w 1080 h 2400 dpi 420 flag 0 enable 1
DEBUG   | getMultiDisplay 0 x 0 y 0 w 1080 h 2400 dpi 420 flag 0 enable 1
DEBUG   | getMultiDisplay 0 x 0 y 0 w 1080 h 2400 dpi 420 flag 0 enable 1
DEBUG   | getMultiDisplay 0 x 0 y 0 w 1080 h 2400 dpi 420 flag 0 enable 1
DEBUG   | getMultiDisplay 0 x 0 y 0 w 1080 h 2400 dpi 420 flag 0 enable 1
DEBUG   | getMultiDisplay 0 x 0 y 0 w 1080 h 2400 dpi 420 flag 0 enable 1
DEBUG   | getMultiDisplay 0 x 0 y 0 w 1080 h 2400 dpi 420 flag 0 enable 1
DEBUG   | getMultiDisplay 0 x 0 y 0 w 1080 h 2400 dpi 420 flag 0 enable 1
DEBUG   | getMultiDisplay 0 x 0 y 0 w 1080 h 2400 dpi 420 flag 0 enable 1
DEBUG   | getMultiDisplay 0 x 0 y 0 w 1080 h 2400 dpi 420 flag 0 enable 1
DEBUG   | getMultiDisplay 0 x 0 y 0 w 1080 h 2400 dpi 420 flag 0 enable 1
DEBUG   | getMultiDisplay 0 x 0 y 0 w 1080 h 2400 dpi 420 flag 0 enable 1
DEBUG   | getMultiDisplay 0 x 0 y 0 w 1080 h 2400 dpi 420 flag 0 enable 1
DEBUG   | getMultiDisplay 0 x 0 y 0 w 1080 h 2400 dpi 420 flag 0 enable 1
DEBUG   | getMultiDisplay 0 x 0 y 0 w 1080 h 2400 dpi 420 flag 0 enable 1
DEBUG   | getMultiDisplay 0 x 0 y 0 w 1080 h 2400 dpi 420 flag 0 enable 1
DEBUG   | getMultiDisplay 0 x 0 y 0 w 1080 h 2400 dpi 420 flag 0 enable 1
DEBUG   | getMultiDisplay 0 x 0 y 0 w 1080 h 2400 dpi 420 flag 0 enable 1
DEBUG   | getMultiDisplay 0 x 0 y 0 w 1080 h 2400 dpi 420 flag 0 enable 1
DEBUG   | getMultiDisplay 0 x 0 y 0 w 1080 h 2400 dpi 420 flag 0 enable 1
DEBUG   | getMultiDisplay 0 x 0 y 0 w 1080 h 2400 dpi 420 flag 0 enable 1
DEBUG   | getMultiDisplay 0 x 0 y 0 w 1080 h 2400 dpi 420 flag 0 enable 1
DEBUG   | getMultiDisplay 0 x 0 y 0 w 1080 h 2400 dpi 420 flag 0 enable 1
DEBUG   | getMultiDisplay 0 x 0 y 0 w 1080 h 2400 dpi 420 flag 0 enable 1
DEBUG   | getMultiDisplay 0 x 0 y 0 w 1080 h 2400 dpi 420 flag 0 enable 1
DEBUG   | getMultiDisplay 0 x 0 y 0 w 1080 h 2400 dpi 420 flag 0 enable 1
DEBUG   | getMultiDisplay 0 x 0 y 0 w 1080 h 2400 dpi 420 flag 0 enable 1
DEBUG   | getMultiDisplay 0 x 0 y 0 w 1080 h 2400 dpi 420 flag 0 enable 1
DEBUG   | getMultiDisplay 0 x 0 y 0 w 1080 h 2400 dpi 420 flag 0 enable 1
DEBUG   | getMultiDisplay 0 x 0 y 0 w 1080 h 2400 dpi 420 flag 0 enable 1
DEBUG   | getMultiDisplay 0 x 0 y 0 w 1080 h 2400 dpi 420 flag 0 enable 1
DEBUG   | getMultiDisplay 0 x 0 y 0 w 1080 h 2400 dpi 420 flag 0 enable 1
DEBUG   | getMultiDisplay 0 x 0 y 0 w 1080 h 2400 dpi 420 flag 0 enable 1
DEBUG   | getMultiDisplay 0 x 0 y 0 w 1080 h 2400 dpi 420 flag 0 enable 1
DEBUG   | getMultiDisplay 0 x 0 y 0 w 1080 h 2400 dpi 420 flag 0 enable 1
DEBUG   | getMultiDisplay 0 x 0 y 0 w 1080 h 2400 dpi 420 flag 0 enable 1
DEBUG   | getMultiDisplay 0 x 0 y 0 w 1080 h 2400 dpi 420 flag 0 enable 1
DEBUG   | getMultiDisplay 0 x 0 y 0 w 1080 h 2400 dpi 420 flag 0 enable 1
DEBUG   | getMultiDisplay 0 x 0 y 0 w 1080 h 2400 dpi 420 flag 0 enable 1
DEBUG   | getMultiDisplay 0 x 0 y 0 w 1080 h 2400 dpi 420 flag 0 enable 1
DEBUG   | getMultiDisplay 0 x 0 y 0 w 1080 h 2400 dpi 420 flag 0 enable 1
DEBUG   | getMultiDisplay 0 x 0 y 0 w 1080 h 2400 dpi 420 flag 0 enable 1
DEBUG   | getMultiDisplay 0 x 0 y 0 w 1080 h 2400 dpi 420 flag 0 enable 1
DEBUG   | getMultiDisplay 0 x 0 y 0 w 1080 h 2400 dpi 420 flag 0 enable 1
DEBUG   | getMultiDisplay 0 x 0 y 0 w 1080 h 2400 dpi 420 flag 0 enable 1
DEBUG   | getMultiDisplay 0 x 0 y 0 w 1080 h 2400 dpi 420 flag 0 enable 1
DEBUG   | getMultiDisplay 0 x 0 y 0 w 1080 h 2400 dpi 420 flag 0 enable 1
DEBUG   | getMultiDisplay 0 x 0 y 0 w 1080 h 2400 dpi 420 flag 0 enable 1
DEBUG   | getMultiDisplay 0 x 0 y 0 w 1080 h 2400 dpi 420 flag 0 enable 1
DEBUG   | getMultiDisplay 0 x 0 y 0 w 1080 h 2400 dpi 420 flag 0 enable 1
DEBUG   | getMultiDisplay 0 x 0 y 0 w 1080 h 2400 dpi 420 flag 0 enable 1
DEBUG   | getMultiDisplay 0 x 0 y 0 w 1080 h 2400 dpi 420 flag 0 enable 1
DEBUG   | getMultiDisplay 0 x 0 y 0 w 1080 h 2400 dpi 420 flag 0 enable 1
DEBUG   | getMultiDisplay 0 x 0 y 0 w 1080 h 2400 dpi 420 flag 0 enable 1
DEBUG   | getMultiDisplay 0 x 0 y 0 w 1080 h 2400 dpi 420 flag 0 enable 1
DEBUG   | getMultiDisplay 0 x 0 y 0 w 1080 h 2400 dpi 420 flag 0 enable 1
DEBUG   | getMultiDisplay 0 x 0 y 0 w 1080 h 2400 dpi 420 flag 0 enable 1
DEBUG   | getMultiDisplay 0 x 0 y 0 w 1080 h 2400 dpi 420 flag 0 enable 1
DEBUG   | getMultiDisplay 0 x 0 y 0 w 1080 h 2400 dpi 420 flag 0 enable 1
DEBUG   | getMultiDisplay 0 x 0 y 0 w 1080 h 2400 dpi 420 flag 0 enable 1
DEBUG   | getMultiDisplay 0 x 0 y 0 w 1080 h 2400 dpi 420 flag 0 enable 1
DEBUG   | getMultiDisplay 0 x 0 y 0 w 1080 h 2400 dpi 420 flag 0 enable 1
DEBUG   | getMultiDisplay 0 x 0 y 0 w 1080 h 2400 dpi 420 flag 0 enable 1
DEBUG   | getMultiDisplay 0 x 0 y 0 w 1080 h 2400 dpi 420 flag 0 enable 1
DEBUG   | getMultiDisplay 0 x 0 y 0 w 1080 h 2400 dpi 420 flag 0 enable 1
DEBUG   | getMultiDisplay 0 x 0 y 0 w 1080 h 2400 dpi 420 flag 0 enable 1
DEBUG   | getMultiDisplay 0 x 0 y 0 w 1080 h 2400 dpi 420 flag 0 enable 1
DEBUG   | getMultiDisplay 0 x 0 y 0 w 1080 h 2400 dpi 420 flag 0 enable 1
DEBUG   | getMultiDisplay 0 x 0 y 0 w 1080 h 2400 dpi 420 flag 0 enable 1
DEBUG   | getMultiDisplay 0 x 0 y 0 w 1080 h 2400 dpi 420 flag 0 enable 1
DEBUG   | getMultiDisplay 0 x 0 y 0 w 1080 h 2400 dpi 420 flag 0 enable 1
DEBUG   | getMultiDisplay 0 x 0 y 0 w 1080 h 2400 dpi 420 flag 0 enable 1
DEBUG   | getMultiDisplay 0 x 0 y 0 w 1080 h 2400 dpi 420 flag 0 enable 1
DEBUG   | getMultiDisplay 0 x 0 y 0 w 1080 h 2400 dpi 420 flag 0 enable 1
DEBUG   | getMultiDisplay 0 x 0 y 0 w 1080 h 2400 dpi 420 flag 0 enable 1
DEBUG   | getMultiDisplay 0 x 0 y 0 w 1080 h 2400 dpi 420 flag 0 enable 1
DEBUG   | getMultiDisplay 0 x 0 y 0 w 1080 h 2400 dpi 420 flag 0 enable 1
DEBUG   | getMultiDisplay 0 x 0 y 0 w 1080 h 2400 dpi 420 flag 0 enable 1
DEBUG   | getMultiDisplay 0 x 0 y 0 w 1080 h 2400 dpi 420 flag 0 enable 1
DEBUG   | getMultiDisplay 0 x 0 y 0 w 1080 h 2400 dpi 420 flag 0 enable 1
DEBUG   | getMultiDisplay 0 x 0 y 0 w 1080 h 2400 dpi 420 flag 0 enable 1
DEBUG   | getMultiDisplay 0 x 0 y 0 w 1080 h 2400 dpi 420 flag 0 enable 1
DEBUG   | getMultiDisplay 0 x 0 y 0 w 1080 h 2400 dpi 420 flag 0 enable 1
DEBUG   | getMultiDisplay 0 x 0 y 0 w 1080 h 2400 dpi 420 flag 0 enable 1
DEBUG   | getMultiDisplay 0 x 0 y 0 w 1080 h 2400 dpi 420 flag 0 enable 1
DEBUG   | getMultiDisplay 0 x 0 y 0 w 1080 h 2400 dpi 420 flag 0 enable 1
DEBUG   | getMultiDisplay 0 x 0 y 0 w 1080 h 2400 dpi 420 flag 0 enable 1
DEBUG   | getMultiDisplay 0 x 0 y 0 w 1080 h 2400 dpi 420 flag 0 enable 1
DEBUG   | getMultiDisplay 0 x 0 y 0 w 1080 h 2400 dpi 420 flag 0 enable 1
DEBUG   | getMultiDisplay 0 x 0 y 0 w 1080 h 2400 dpi 420 flag 0 enable 1
DEBUG   | getMultiDisplay 0 x 0 y 0 w 1080 h 2400 dpi 420 flag 0 enable 1
DEBUG   | getMultiDisplay 0 x 0 y 0 w 1080 h 2400 dpi 420 flag 0 enable 1
DEBUG   | getMultiDisplay 0 x 0 y 0 w 1080 h 2400 dpi 420 flag 0 enable 1
DEBUG   | getMultiDisplay 0 x 0 y 0 w 1080 h 2400 dpi 420 flag 0 enable 1
DEBUG   | getMultiDisplay 0 x 0 y 0 w 1080 h 2400 dpi 420 flag 0 enable 1
DEBUG   | getMultiDisplay 0 x 0 y 0 w 1080 h 2400 dpi 420 flag 0 enable 1
DEBUG   | getMultiDisplay 0 x 0 y 0 w 1080 h 2400 dpi 420 flag 0 enable 1
DEBUG   | getMultiDisplay 0 x 0 y 0 w 1080 h 2400 dpi 420 flag 0 enable 1
DEBUG   | getMultiDisplay 0 x 0 y 0 w 1080 h 2400 dpi 420 flag 0 enable 1
DEBUG   | getMultiDisplay 0 x 0 y 0 w 1080 h 2400 dpi 420 flag 0 enable 1
DEBUG   | getMultiDisplay 0 x 0 y 0 w 1080 h 2400 dpi 420 flag 0 enable 1
DEBUG   | getMultiDisplay 0 x 0 y 0 w 1080 h 2400 dpi 420 flag 0 enable 1
DEBUG   | getMultiDisplay 0 x 0 y 0 w 1080 h 2400 dpi 420 flag 0 enable 1
DEBUG   | getMultiDisplay 0 x 0 y 0 w 1080 h 2400 dpi 420 flag 0 enable 1
DEBUG   | getMultiDisplay 0 x 0 y 0 w 1080 h 2400 dpi 420 flag 0 enable 1
DEBUG   | getMultiDisplay 0 x 0 y 0 w 1080 h 2400 dpi 420 flag 0 enable 1
DEBUG   | getMultiDisplay 0 x 0 y 0 w 1080 h 2400 dpi 420 flag 0 enable 1
DEBUG   | getMultiDisplay 0 x 0 y 0 w 1080 h 2400 dpi 420 flag 0 enable 1
DEBUG   | getMultiDisplay 0 x 0 y 0 w 1080 h 2400 dpi 420 flag 0 enable 1
DEBUG   | getMultiDisplay 0 x 0 y 0 w 1080 h 2400 dpi 420 flag 0 enable 1
DEBUG   | getMultiDisplay 0 x 0 y 0 w 1080 h 2400 dpi 420 flag 0 enable 1
DEBUG   | getMultiDisplay 0 x 0 y 0 w 1080 h 2400 dpi 420 flag 0 enable 1
DEBUG   | getMultiDisplay 0 x 0 y 0 w 1080 h 2400 dpi 420 flag 0 enable 1
DEBUG   | getMultiDisplay 0 x 0 y 0 w 1080 h 2400 dpi 420 flag 0 enable 1
DEBUG   | getMultiDisplay 0 x 0 y 0 w 1080 h 2400 dpi 420 flag 0 enable 1
DEBUG   | getMultiDisplay 0 x 0 y 0 w 1080 h 2400 dpi 420 flag 0 enable 1
DEBUG   | getMultiDisplay 0 x 0 y 0 w 1080 h 2400 dpi 420 flag 0 enable 1
DEBUG   | getMultiDisplay 0 x 0 y 0 w 1080 h 2400 dpi 420 flag 0 enable 1
DEBUG   | getMultiDisplay 0 x 0 y 0 w 1080 h 2400 dpi 420 flag 0 enable 1
DEBUG   | getMultiDisplay 0 x 0 y 0 w 1080 h 2400 dpi 420 flag 0 enable 1
DEBUG   | getMultiDisplay 0 x 0 y 0 w 1080 h 2400 dpi 420 flag 0 enable 1
DEBUG   | getMultiDisplay 0 x 0 y 0 w 1080 h 2400 dpi 420 flag 0 enable 1
DEBUG   | getMultiDisplay 0 x 0 y 0 w 1080 h 2400 dpi 420 flag 0 enable 1
DEBUG   | getMultiDisplay 0 x 0 y 0 w 1080 h 2400 dpi 420 flag 0 enable 1
DEBUG   | getMultiDisplay 0 x 0 y 0 w 1080 h 2400 dpi 420 flag 0 enable 1
DEBUG   | getMultiDisplay 0 x 0 y 0 w 1080 h 2400 dpi 420 flag 0 enable 1
DEBUG   | getMultiDisplay 0 x 0 y 0 w 1080 h 2400 dpi 420 flag 0 enable 1
DEBUG   | getMultiDisplay 0 x 0 y 0 w 1080 h 2400 dpi 420 flag 0 enable 1
DEBUG   | getMultiDisplay 0 x 0 y 0 w 1080 h 2400 dpi 420 flag 0 enable 1
DEBUG   | getMultiDisplay 0 x 0 y 0 w 1080 h 2400 dpi 420 flag 0 enable 1
DEBUG   | getMultiDisplay 0 x 0 y 0 w 1080 h 2400 dpi 420 flag 0 enable 1
DEBUG   | getMultiDisplay 0 x 0 y 0 w 1080 h 2400 dpi 420 flag 0 enable 1
DEBUG   | getMultiDisplay 0 x 0 y 0 w 1080 h 2400 dpi 420 flag 0 enable 1
DEBUG   | getMultiDisplay 0 x 0 y 0 w 1080 h 2400 dpi 420 flag 0 enable 1
DEBUG   | getMultiDisplay 0 x 0 y 0 w 1080 h 2400 dpi 420 flag 0 enable 1
DEBUG   | getMultiDisplay 0 x 0 y 0 w 1080 h 2400 dpi 420 flag 0 enable 1
DEBUG   | getMultiDisplay 0 x 0 y 0 w 1080 h 2400 dpi 420 flag 0 enable 1
DEBUG   | getMultiDisplay 0 x 0 y 0 w 1080 h 2400 dpi 420 flag 0 enable 1
DEBUG   | getMultiDisplay 0 x 0 y 0 w 1080 h 2400 dpi 420 flag 0 enable 1
DEBUG   | getMultiDisplay 0 x 0 y 0 w 1080 h 2400 dpi 420 flag 0 enable 1
DEBUG   | getMultiDisplay 0 x 0 y 0 w 1080 h 2400 dpi 420 flag 0 enable 1
DEBUG   | getMultiDisplay 0 x 0 y 0 w 1080 h 2400 dpi 420 flag 0 enable 1
DEBUG   | getMultiDisplay 0 x 0 y 0 w 1080 h 2400 dpi 420 flag 0 enable 1
DEBUG   | getMultiDisplay 0 x 0 y 0 w 1080 h 2400 dpi 420 flag 0 enable 1
DEBUG   | getMultiDisplay 0 x 0 y 0 w 1080 h 2400 dpi 420 flag 0 enable 1
DEBUG   | getMultiDisplay 0 x 0 y 0 w 1080 h 2400 dpi 420 flag 0 enable 1
DEBUG   | getMultiDisplay 0 x 0 y 0 w 1080 h 2400 dpi 420 flag 0 enable 1
DEBUG   | getMultiDisplay 0 x 0 y 0 w 1080 h 2400 dpi 420 flag 0 enable 1
DEBUG   | getMultiDisplay 0 x 0 y 0 w 1080 h 2400 dpi 420 flag 0 enable 1
DEBUG   | getMultiDisplay 0 x 0 y 0 w 1080 h 2400 dpi 420 flag 0 enable 1
DEBUG   | getMultiDisplay 0 x 0 y 0 w 1080 h 2400 dpi 420 flag 0 enable 1
DEBUG   | getMultiDisplay 0 x 0 y 0 w 1080 h 2400 dpi 420 flag 0 enable 1
DEBUG   | getMultiDisplay 0 x 0 y 0 w 1080 h 2400 dpi 420 flag 0 enable 1
DEBUG   | getMultiDisplay 0 x 0 y 0 w 1080 h 2400 dpi 420 flag 0 enable 1
DEBUG   | getMultiDisplay 0 x 0 y 0 w 1080 h 2400 dpi 420 flag 0 enable 1
DEBUG   | getMultiDisplay 0 x 0 y 0 w 1080 h 2400 dpi 420 flag 0 enable 1
DEBUG   | getMultiDisplay 0 x 0 y 0 w 1080 h 2400 dpi 420 flag 0 enable 1
DEBUG   | getMultiDisplay 0 x 0 y 0 w 1080 h 2400 dpi 420 flag 0 enable 1
DEBUG   | getMultiDisplay 0 x 0 y 0 w 1080 h 2400 dpi 420 flag 0 enable 1
DEBUG   | getMultiDisplay 0 x 0 y 0 w 1080 h 2400 dpi 420 flag 0 enable 1
DEBUG   | getMultiDisplay 0 x 0 y 0 w 1080 h 2400 dpi 420 flag 0 enable 1
DEBUG   | getMultiDisplay 0 x 0 y 0 w 1080 h 2400 dpi 420 flag 0 enable 1
DEBUG   | getMultiDisplay 0 x 0 y 0 w 1080 h 2400 dpi 420 flag 0 enable 1
DEBUG   | getMultiDisplay 0 x 0 y 0 w 1080 h 2400 dpi 420 flag 0 enable 1
DEBUG   | getMultiDisplay 0 x 0 y 0 w 1080 h 2400 dpi 420 flag 0 enable 1
DEBUG   | getMultiDisplay 0 x 0 y 0 w 1080 h 2400 dpi 420 flag 0 enable 1
DEBUG   | getMultiDisplay 0 x 0 y 0 w 1080 h 2400 dpi 420 flag 0 enable 1
DEBUG   | getMultiDisplay 0 x 0 y 0 w 1080 h 2400 dpi 420 flag 0 enable 1
DEBUG   | getMultiDisplay 0 x 0 y 0 w 1080 h 2400 dpi 420 flag 0 enable 1
DEBUG   | getMultiDisplay 0 x 0 y 0 w 1080 h 2400 dpi 420 flag 0 enable 1
DEBUG   | getMultiDisplay 0 x 0 y 0 w 1080 h 2400 dpi 420 flag 0 enable 1
DEBUG   | Data frame has invalid ether type 0
DEBUG   | Unexpected ether type: 0. Dump frame: Data (Data)

DEBUG   | getMultiDisplay 0 x 0 y 0 w 1080 h 2400 dpi 420 flag 0 enable 1
DEBUG   | getMultiDisplay 0 x 0 y 0 w 1080 h 2400 dpi 420 flag 0 enable 1
DEBUG   | getMultiDisplay 0 x 0 y 0 w 1080 h 2400 dpi 420 flag 0 enable 1
DEBUG   | getMultiDisplay 0 x 0 y 0 w 1080 h 2400 dpi 420 flag 0 enable 1
DEBUG   | getMultiDisplay 0 x 0 y 0 w 1080 h 2400 dpi 420 flag 0 enable 1
DEBUG   | getMultiDisplay 0 x 0 y 0 w 1080 h 2400 dpi 420 flag 0 enable 1
DEBUG   | getMultiDisplay 0 x 0 y 0 w 1080 h 2400 dpi 420 flag 0 enable 1
DEBUG   | getMultiDisplay 0 x 0 y 0 w 1080 h 2400 dpi 420 flag 0 enable 1
DEBUG   | getMultiDisplay 0 x 0 y 0 w 1080 h 2400 dpi 420 flag 0 enable 1
DEBUG   | getMultiDisplay 0 x 0 y 0 w 1080 h 2400 dpi 420 flag 0 enable 1
DEBUG   | getMultiDisplay 0 x 0 y 0 w 1080 h 2400 dpi 420 flag 0 enable 1
DEBUG   | getMultiDisplay 0 x 0 y 0 w 1080 h 2400 dpi 420 flag 0 enable 1
DEBUG   | getMultiDisplay 0 x 0 y 0 w 1080 h 2400 dpi 420 flag 0 enable 1
DEBUG   | getMultiDisplay 0 x 0 y 0 w 1080 h 2400 dpi 420 flag 0 enable 1
DEBUG   | getMultiDisplay 0 x 0 y 0 w 1080 h 2400 dpi 420 flag 0 enable 1
DEBUG   | getMultiDisplay 0 x 0 y 0 w 1080 h 2400 dpi 420 flag 0 enable 1
DEBUG   | getMultiDisplay 0 x 0 y 0 w 1080 h 2400 dpi 420 flag 0 enable 1
DEBUG   | getMultiDisplay 0 x 0 y 0 w 1080 h 2400 dpi 420 flag 0 enable 1
DEBUG   | getMultiDisplay 0 x 0 y 0 w 1080 h 2400 dpi 420 flag 0 enable 1
DEBUG   | getMultiDisplay 0 x 0 y 0 w 1080 h 2400 dpi 420 flag 0 enable 1
DEBUG   | getMultiDisplay 0 x 0 y 0 w 1080 h 2400 dpi 420 flag 0 enable 1
DEBUG   | getMultiDisplay 0 x 0 y 0 w 1080 h 2400 dpi 420 flag 0 enable 1
DEBUG   | getMultiDisplay 0 x 0 y 0 w 1080 h 2400 dpi 420 flag 0 enable 1
DEBUG   | getMultiDisplay 0 x 0 y 0 w 1080 h 2400 dpi 420 flag 0 enable 1
DEBUG   | getMultiDisplay 0 x 0 y 0 w 1080 h 2400 dpi 420 flag 0 enable 1
DEBUG   | getMultiDisplay 0 x 0 y 0 w 1080 h 2400 dpi 420 flag 0 enable 1
DEBUG   | getMultiDisplay 0 x 0 y 0 w 1080 h 2400 dpi 420 flag 0 enable 1
DEBUG   | getMultiDisplay 0 x 0 y 0 w 1080 h 2400 dpi 420 flag 0 enable 1
DEBUG   | getMultiDisplay 0 x 0 y 0 w 1080 h 2400 dpi 420 flag 0 enable 1
DEBUG   | getMultiDisplay 0 x 0 y 0 w 1080 h 2400 dpi 420 flag 0 enable 1
DEBUG   | getMultiDisplay 0 x 0 y 0 w 1080 h 2400 dpi 420 flag 0 enable 1
DEBUG   | getMultiDisplay 0 x 0 y 0 w 1080 h 2400 dpi 420 flag 0 enable 1
DEBUG   | getMultiDisplay 0 x 0 y 0 w 1080 h 2400 dpi 420 flag 0 enable 1
DEBUG   | getMultiDisplay 0 x 0 y 0 w 1080 h 2400 dpi 420 flag 0 enable 1
DEBUG   | getMultiDisplay 0 x 0 y 0 w 1080 h 2400 dpi 420 flag 0 enable 1
DEBUG   | getMultiDisplay 0 x 0 y 0 w 1080 h 2400 dpi 420 flag 0 enable 1
DEBUG   | getMultiDisplay 0 x 0 y 0 w 1080 h 2400 dpi 420 flag 0 enable 1
DEBUG   | getMultiDisplay 0 x 0 y 0 w 1080 h 2400 dpi 420 flag 0 enable 1
DEBUG   | getMultiDisplay 0 x 0 y 0 w 1080 h 2400 dpi 420 flag 0 enable 1
DEBUG   | getMultiDisplay 0 x 0 y 0 w 1080 h 2400 dpi 420 flag 0 enable 1
DEBUG   | getMultiDisplay 0 x 0 y 0 w 1080 h 2400 dpi 420 flag 0 enable 1
DEBUG   | getMultiDisplay 0 x 0 y 0 w 1080 h 2400 dpi 420 flag 0 enable 1
DEBUG   | getMultiDisplay 0 x 0 y 0 w 1080 h 2400 dpi 420 flag 0 enable 1
DEBUG   | getMultiDisplay 0 x 0 y 0 w 1080 h 2400 dpi 420 flag 0 enable 1
DEBUG   | getMultiDisplay 0 x 0 y 0 w 1080 h 2400 dpi 420 flag 0 enable 1
DEBUG   | getMultiDisplay 0 x 0 y 0 w 1080 h 2400 dpi 420 flag 0 enable 1
DEBUG   | getMultiDisplay 0 x 0 y 0 w 1080 h 2400 dpi 420 flag 0 enable 1
DEBUG   | getMultiDisplay 0 x 0 y 0 w 1080 h 2400 dpi 420 flag 0 enable 1
DEBUG   | getMultiDisplay 0 x 0 y 0 w 1080 h 2400 dpi 420 flag 0 enable 1
DEBUG   | getMultiDisplay 0 x 0 y 0 w 1080 h 2400 dpi 420 flag 0 enable 1
DEBUG   | getMultiDisplay 0 x 0 y 0 w 1080 h 2400 dpi 420 flag 0 enable 1
DEBUG   | getMultiDisplay 0 x 0 y 0 w 1080 h 2400 dpi 420 flag 0 enable 1
DEBUG   | getMultiDisplay 0 x 0 y 0 w 1080 h 2400 dpi 420 flag 0 enable 1
DEBUG   | getMultiDisplay 0 x 0 y 0 w 1080 h 2400 dpi 420 flag 0 enable 1
DEBUG   | getMultiDisplay 0 x 0 y 0 w 1080 h 2400 dpi 420 flag 0 enable 1
DEBUG   | getMultiDisplay 0 x 0 y 0 w 1080 h 2400 dpi 420 flag 0 enable 1
DEBUG   | getMultiDisplay 0 x 0 y 0 w 1080 h 2400 dpi 420 flag 0 enable 1
DEBUG   | getMultiDisplay 0 x 0 y 0 w 1080 h 2400 dpi 420 flag 0 enable 1
DEBUG   | getMultiDisplay 0 x 0 y 0 w 1080 h 2400 dpi 420 flag 0 enable 1
DEBUG   | getMultiDisplay 0 x 0 y 0 w 1080 h 2400 dpi 420 flag 0 enable 1
DEBUG   | getMultiDisplay 0 x 0 y 0 w 1080 h 2400 dpi 420 flag 0 enable 1
DEBUG   | getMultiDisplay 0 x 0 y 0 w 1080 h 2400 dpi 420 flag 0 enable 1
DEBUG   | getMultiDisplay 0 x 0 y 0 w 1080 h 2400 dpi 420 flag 0 enable 1
DEBUG   | getMultiDisplay 0 x 0 y 0 w 1080 h 2400 dpi 420 flag 0 enable 1
DEBUG   | getMultiDisplay 0 x 0 y 0 w 1080 h 2400 dpi 420 flag 0 enable 1
DEBUG   | getMultiDisplay 0 x 0 y 0 w 1080 h 2400 dpi 420 flag 0 enable 1
DEBUG   | getMultiDisplay 0 x 0 y 0 w 1080 h 2400 dpi 420 flag 0 enable 1
DEBUG   | getMultiDisplay 0 x 0 y 0 w 1080 h 2400 dpi 420 flag 0 enable 1
DEBUG   | getMultiDisplay 0 x 0 y 0 w 1080 h 2400 dpi 420 flag 0 enable 1
DEBUG   | getMultiDisplay 0 x 0 y 0 w 1080 h 2400 dpi 420 flag 0 enable 1
DEBUG   | getMultiDisplay 0 x 0 y 0 w 1080 h 2400 dpi 420 flag 0 enable 1
DEBUG   | getMultiDisplay 0 x 0 y 0 w 1080 h 2400 dpi 420 flag 0 enable 1
DEBUG   | getMultiDisplay 0 x 0 y 0 w 1080 h 2400 dpi 420 flag 0 enable 1
DEBUG   | getMultiDisplay 0 x 0 y 0 w 1080 h 2400 dpi 420 flag 0 enable 1
DEBUG   | getMultiDisplay 0 x 0 y 0 w 1080 h 2400 dpi 420 flag 0 enable 1
DEBUG   | getMultiDisplay 0 x 0 y 0 w 1080 h 2400 dpi 420 flag 0 enable 1
DEBUG   | getMultiDisplay 0 x 0 y 0 w 1080 h 2400 dpi 420 flag 0 enable 1
DEBUG   | getMultiDisplay 0 x 0 y 0 w 1080 h 2400 dpi 420 flag 0 enable 1
DEBUG   | getMultiDisplay 0 x 0 y 0 w 1080 h 2400 dpi 420 flag 0 enable 1
DEBUG   | getMultiDisplay 0 x 0 y 0 w 1080 h 2400 dpi 420 flag 0 enable 1
DEBUG   | getMultiDisplay 0 x 0 y 0 w 1080 h 2400 dpi 420 flag 0 enable 1
DEBUG   | getMultiDisplay 0 x 0 y 0 w 1080 h 2400 dpi 420 flag 0 enable 1
DEBUG   | getMultiDisplay 0 x 0 y 0 w 1080 h 2400 dpi 420 flag 0 enable 1
DEBUG   | getMultiDisplay 0 x 0 y 0 w 1080 h 2400 dpi 420 flag 0 enable 1
DEBUG   | getMultiDisplay 0 x 0 y 0 w 1080 h 2400 dpi 420 flag 0 enable 1
DEBUG   | getMultiDisplay 0 x 0 y 0 w 1080 h 2400 dpi 420 flag 0 enable 1
DEBUG   | getMultiDisplay 0 x 0 y 0 w 1080 h 2400 dpi 420 flag 0 enable 1
DEBUG   | getMultiDisplay 0 x 0 y 0 w 1080 h 2400 dpi 420 flag 0 enable 1
DEBUG   | getMultiDisplay 0 x 0 y 0 w 1080 h 2400 dpi 420 flag 0 enable 1
DEBUG   | getMultiDisplay 0 x 0 y 0 w 1080 h 2400 dpi 420 flag 0 enable 1
DEBUG   | getMultiDisplay 0 x 0 y 0 w 1080 h 2400 dpi 420 flag 0 enable 1
DEBUG   | getMultiDisplay 0 x 0 y 0 w 1080 h 2400 dpi 420 flag 0 enable 1
DEBUG   | getMultiDisplay 0 x 0 y 0 w 1080 h 2400 dpi 420 flag 0 enable 1
DEBUG   | getMultiDisplay 0 x 0 y 0 w 1080 h 2400 dpi 420 flag 0 enable 1
DEBUG   | getMultiDisplay 0 x 0 y 0 w 1080 h 2400 dpi 420 flag 0 enable 1
DEBUG   | getMultiDisplay 0 x 0 y 0 w 1080 h 2400 dpi 420 flag 0 enable 1
DEBUG   | getMultiDisplay 0 x 0 y 0 w 1080 h 2400 dpi 420 flag 0 enable 1
DEBUG   | getMultiDisplay 0 x 0 y 0 w 1080 h 2400 dpi 420 flag 0 enable 1
DEBUG   | getMultiDisplay 0 x 0 y 0 w 1080 h 2400 dpi 420 flag 0 enable 1
DEBUG   | getMultiDisplay 0 x 0 y 0 w 1080 h 2400 dpi 420 flag 0 enable 1
DEBUG   | getMultiDisplay 0 x 0 y 0 w 1080 h 2400 dpi 420 flag 0 enable 1
DEBUG   | getMultiDisplay 0 x 0 y 0 w 1080 h 2400 dpi 420 flag 0 enable 1
DEBUG   | getMultiDisplay 0 x 0 y 0 w 1080 h 2400 dpi 420 flag 0 enable 1
DEBUG   | getMultiDisplay 0 x 0 y 0 w 1080 h 2400 dpi 420 flag 0 enable 1
DEBUG   | getMultiDisplay 0 x 0 y 0 w 1080 h 2400 dpi 420 flag 0 enable 1
DEBUG   | getMultiDisplay 0 x 0 y 0 w 1080 h 2400 dpi 420 flag 0 enable 1
DEBUG   | getMultiDisplay 0 x 0 y 0 w 1080 h 2400 dpi 420 flag 0 enable 1
DEBUG   | getMultiDisplay 0 x 0 y 0 w 1080 h 2400 dpi 420 flag 0 enable 1
DEBUG   | getMultiDisplay 0 x 0 y 0 w 1080 h 2400 dpi 420 flag 0 enable 1
DEBUG   | getMultiDisplay 0 x 0 y 0 w 1080 h 2400 dpi 420 flag 0 enable 1
DEBUG   | getMultiDisplay 0 x 0 y 0 w 1080 h 2400 dpi 420 flag 0 enable 1
DEBUG   | getMultiDisplay 0 x 0 y 0 w 1080 h 2400 dpi 420 flag 0 enable 1
DEBUG   | getMultiDisplay 0 x 0 y 0 w 1080 h 2400 dpi 420 flag 0 enable 1
DEBUG   | getMultiDisplay 0 x 0 y 0 w 1080 h 2400 dpi 420 flag 0 enable 1
DEBUG   | getMultiDisplay 0 x 0 y 0 w 1080 h 2400 dpi 420 flag 0 enable 1
DEBUG   | getMultiDisplay 0 x 0 y 0 w 1080 h 2400 dpi 420 flag 0 enable 1
DEBUG   | getMultiDisplay 0 x 0 y 0 w 1080 h 2400 dpi 420 flag 0 enable 1
DEBUG   | getMultiDisplay 0 x 0 y 0 w 1080 h 2400 dpi 420 flag 0 enable 1
DEBUG   | getMultiDisplay 0 x 0 y 0 w 1080 h 2400 dpi 420 flag 0 enable 1
DEBUG   | getMultiDisplay 0 x 0 y 0 w 1080 h 2400 dpi 420 flag 0 enable 1
DEBUG   | getMultiDisplay 0 x 0 y 0 w 1080 h 2400 dpi 420 flag 0 enable 1
DEBUG   | getMultiDisplay 0 x 0 y 0 w 1080 h 2400 dpi 420 flag 0 enable 1
DEBUG   | getMultiDisplay 0 x 0 y 0 w 1080 h 2400 dpi 420 flag 0 enable 1
DEBUG   | getMultiDisplay 0 x 0 y 0 w 1080 h 2400 dpi 420 flag 0 enable 1
DEBUG   | getMultiDisplay 0 x 0 y 0 w 1080 h 2400 dpi 420 flag 0 enable 1
DEBUG   | getMultiDisplay 0 x 0 y 0 w 1080 h 2400 dpi 420 flag 0 enable 1
DEBUG   | getMultiDisplay 0 x 0 y 0 w 1080 h 2400 dpi 420 flag 0 enable 1
DEBUG   | getMultiDisplay 0 x 0 y 0 w 1080 h 2400 dpi 420 flag 0 enable 1
DEBUG   | getMultiDisplay 0 x 0 y 0 w 1080 h 2400 dpi 420 flag 0 enable 1
DEBUG   | getMultiDisplay 0 x 0 y 0 w 1080 h 2400 dpi 420 flag 0 enable 1
DEBUG   | getMultiDisplay 0 x 0 y 0 w 1080 h 2400 dpi 420 flag 0 enable 1
DEBUG   | getMultiDisplay 0 x 0 y 0 w 1080 h 2400 dpi 420 flag 0 enable 1
DEBUG   | getMultiDisplay 0 x 0 y 0 w 1080 h 2400 dpi 420 flag 0 enable 1
DEBUG   | getMultiDisplay 0 x 0 y 0 w 1080 h 2400 dpi 420 flag 0 enable 1
DEBUG   | getMultiDisplay 0 x 0 y 0 w 1080 h 2400 dpi 420 flag 0 enable 1
DEBUG   | getMultiDisplay 0 x 0 y 0 w 1080 h 2400 dpi 420 flag 0 enable 1
DEBUG   | getMultiDisplay 0 x 0 y 0 w 1080 h 2400 dpi 420 flag 0 enable 1
DEBUG   | getMultiDisplay 0 x 0 y 0 w 1080 h 2400 dpi 420 flag 0 enable 1
DEBUG   | getMultiDisplay 0 x 0 y 0 w 1080 h 2400 dpi 420 flag 0 enable 1
DEBUG   | getMultiDisplay 0 x 0 y 0 w 1080 h 2400 dpi 420 flag 0 enable 1
DEBUG   | getMultiDisplay 0 x 0 y 0 w 1080 h 2400 dpi 420 flag 0 enable 1
DEBUG   | getMultiDisplay 0 x 0 y 0 w 1080 h 2400 dpi 420 flag 0 enable 1
DEBUG   | getMultiDisplay 0 x 0 y 0 w 1080 h 2400 dpi 420 flag 0 enable 1
DEBUG   | getMultiDisplay 0 x 0 y 0 w 1080 h 2400 dpi 420 flag 0 enable 1
DEBUG   | getMultiDisplay 0 x 0 y 0 w 1080 h 2400 dpi 420 flag 0 enable 1
DEBUG   | getMultiDisplay 0 x 0 y 0 w 1080 h 2400 dpi 420 flag 0 enable 1
DEBUG   | getMultiDisplay 0 x 0 y 0 w 1080 h 2400 dpi 420 flag 0 enable 1
DEBUG   | getMultiDisplay 0 x 0 y 0 w 1080 h 2400 dpi 420 flag 0 enable 1
DEBUG   | getMultiDisplay 0 x 0 y 0 w 1080 h 2400 dpi 420 flag 0 enable 1
DEBUG   | getMultiDisplay 0 x 0 y 0 w 1080 h 2400 dpi 420 flag 0 enable 1
DEBUG   | getMultiDisplay 0 x 0 y 0 w 1080 h 2400 dpi 420 flag 0 enable 1
DEBUG   | getMultiDisplay 0 x 0 y 0 w 1080 h 2400 dpi 420 flag 0 enable 1
DEBUG   | getMultiDisplay 0 x 0 y 0 w 1080 h 2400 dpi 420 flag 0 enable 1
DEBUG   | getMultiDisplay 0 x 0 y 0 w 1080 h 2400 dpi 420 flag 0 enable 1
DEBUG   | getMultiDisplay 0 x 0 y 0 w 1080 h 2400 dpi 420 flag 0 enable 1
DEBUG   | getMultiDisplay 0 x 0 y 0 w 1080 h 2400 dpi 420 flag 0 enable 1
DEBUG   | getMultiDisplay 0 x 0 y 0 w 1080 h 2400 dpi 420 flag 0 enable 1
DEBUG   | getMultiDisplay 0 x 0 y 0 w 1080 h 2400 dpi 420 flag 0 enable 1
DEBUG   | getMultiDisplay 0 x 0 y 0 w 1080 h 2400 dpi 420 flag 0 enable 1
DEBUG   | getMultiDisplay 0 x 0 y 0 w 1080 h 2400 dpi 420 flag 0 enable 1
DEBUG   | getMultiDisplay 0 x 0 y 0 w 1080 h 2400 dpi 420 flag 0 enable 1
DEBUG   | getMultiDisplay 0 x 0 y 0 w 1080 h 2400 dpi 420 flag 0 enable 1
DEBUG   | getMultiDisplay 0 x 0 y 0 w 1080 h 2400 dpi 420 flag 0 enable 1
DEBUG   | getMultiDisplay 0 x 0 y 0 w 1080 h 2400 dpi 420 flag 0 enable 1
DEBUG   | getMultiDisplay 0 x 0 y 0 w 1080 h 2400 dpi 420 flag 0 enable 1
DEBUG   | getMultiDisplay 0 x 0 y 0 w 1080 h 2400 dpi 420 flag 0 enable 1
DEBUG   | getMultiDisplay 0 x 0 y 0 w 1080 h 2400 dpi 420 flag 0 enable 1
DEBUG   | getMultiDisplay 0 x 0 y 0 w 1080 h 2400 dpi 420 flag 0 enable 1
DEBUG   | getMultiDisplay 0 x 0 y 0 w 1080 h 2400 dpi 420 flag 0 enable 1
DEBUG   | getMultiDisplay 0 x 0 y 0 w 1080 h 2400 dpi 420 flag 0 enable 1
DEBUG   | getMultiDisplay 0 x 0 y 0 w 1080 h 2400 dpi 420 flag 0 enable 1
DEBUG   | getMultiDisplay 0 x 0 y 0 w 1080 h 2400 dpi 420 flag 0 enable 1
DEBUG   | getMultiDisplay 0 x 0 y 0 w 1080 h 2400 dpi 420 flag 0 enable 1
DEBUG   | getMultiDisplay 0 x 0 y 0 w 1080 h 2400 dpi 420 flag 0 enable 1
DEBUG   | getMultiDisplay 0 x 0 y 0 w 1080 h 2400 dpi 420 flag 0 enable 1
DEBUG   | getMultiDisplay 0 x 0 y 0 w 1080 h 2400 dpi 420 flag 0 enable 1
DEBUG   | getMultiDisplay 0 x 0 y 0 w 1080 h 2400 dpi 420 flag 0 enable 1
DEBUG   | getMultiDisplay 0 x 0 y 0 w 1080 h 2400 dpi 420 flag 0 enable 1
DEBUG   | getMultiDisplay 0 x 0 y 0 w 1080 h 2400 dpi 420 flag 0 enable 1
DEBUG   | getMultiDisplay 0 x 0 y 0 w 1080 h 2400 dpi 420 flag 0 enable 1
DEBUG   | getMultiDisplay 0 x 0 y 0 w 1080 h 2400 dpi 420 flag 0 enable 1
DEBUG   | getMultiDisplay 0 x 0 y 0 w 1080 h 2400 dpi 420 flag 0 enable 1
DEBUG   | getMultiDisplay 0 x 0 y 0 w 1080 h 2400 dpi 420 flag 0 enable 1
DEBUG   | getMultiDisplay 0 x 0 y 0 w 1080 h 2400 dpi 420 flag 0 enable 1
DEBUG   | getMultiDisplay 0 x 0 y 0 w 1080 h 2400 dpi 420 flag 0 enable 1
DEBUG   | getMultiDisplay 0 x 0 y 0 w 1080 h 2400 dpi 420 flag 0 enable 1
DEBUG   | getMultiDisplay 0 x 0 y 0 w 1080 h 2400 dpi 420 flag 0 enable 1
DEBUG   | Data frame has invalid ether type 0
DEBUG   | Unexpected ether type: 0. Dump frame: Data (Data)

DEBUG   | Data frame has invalid ether type 0
DEBUG   | Unexpected ether type: 0. Dump frame: Data (Data)

DEBUG   | Data frame has invalid ether type 0
DEBUG   | Unexpected ether type: 0. Dump frame: Data (Data)

DEBUG   | Data frame has invalid ether type 0
DEBUG   | Unexpected ether type: 0. Dump frame: Data (Data)

DEBUG   | Data frame has invalid ether type 0
DEBUG   | Unexpected ether type: 0. Dump frame: Data (Data)

DEBUG   | Data frame has invalid ether type 0
DEBUG   | Unexpected ether type: 0. Dump frame: Data (Data)

DEBUG   | Data frame has invalid ether type 0
DEBUG   | Unexpected ether type: 0. Dump frame: Data (Data)

DEBUG   | Data frame has invalid ether type 0
DEBUG   | Unexpected ether type: 0. Dump frame: Data (Data)

DEBUG   | Data frame has invalid ether type 0
DEBUG   | Unexpected ether type: 0. Dump frame: Data (Data)

DEBUG   | Clipboard update, guest->host, value=''
INFO    | Critical: 
DEBUG   | Data frame has invalid ether type 0
DEBUG   | Unexpected ether type: 0. Dump frame: Data (Data)

DEBUG   | Data frame has invalid ether type 0
DEBUG   | Unexpected ether type: 0. Dump frame: Data (Data)

INFO    | IPv4 server found: 192.168.100.10
INFO    | Ignore IPv6 address: c0d5:30e4:2902:0:60d0:30e4:2902:0
INFO    | Ignore IPv6 address: c0d5:30e4:2902:0:60d0:30e4:2902:0
INFO    | Ignore IPv6 address: c0d5:30e4:2902:0:60d0:30e4:2902:0
INFO    | Ignore IPv6 address: f0dd:30e4:2902:0:60d0:30e4:2902:0
INFO    | Ignore IPv6 address: f0dd:30e4:2902:0:60d0:30e4:2902:0
INFO    | Ignore IPv6 address: f0dd:30e4:2902:0:60d0:30e4:2902:0
INFO    | Ignore IPv6 address: 8e4:30e4:2902:0:60d0:30e4:2902:0
INFO    | Ignore IPv6 address: 8e4:30e4:2902:0:60d0:30e4:2902:0
INFO    | Ignore IPv6 address: 8e4:30e4:2902:0:60d0:30e4:2902:0
INFO    | Ignore IPv6 address: d8f1:30e4:2902:0:60d0:30e4:2902:0
INFO    | Ignore IPv6 address: d8f1:30e4:2902:0:60d0:30e4:2902:0
INFO    | Ignore IPv6 address: d8f1:30e4:2902:0:60d0:30e4:2902:0
INFO    | Ignore IPv6 address: f8f7:30e4:2902:0:60d0:30e4:2902:0
INFO    | Ignore IPv6 address: f8f7:30e4:2902:0:60d0:30e4:2902:0
INFO    | Ignore IPv6 address: f8f7:30e4:2902:0:60d0:30e4:2902:0
INFO    | IPv4 server found: 192.168.100.10
INFO    | Ignore IPv6 address: c0d5:30e4:2902:0:60d0:30e4:2902:0
INFO    | Ignore IPv6 address: c0d5:30e4:2902:0:60d0:30e4:2902:0
INFO    | Ignore IPv6 address: c0d5:30e4:2902:0:60d0:30e4:2902:0
INFO    | Ignore IPv6 address: f0dd:30e4:2902:0:60d0:30e4:2902:0
INFO    | Ignore IPv6 address: f0dd:30e4:2902:0:60d0:30e4:2902:0
INFO    | Ignore IPv6 address: f0dd:30e4:2902:0:60d0:30e4:2902:0
INFO    | Ignore IPv6 address: 8e4:30e4:2902:0:60d0:30e4:2902:0
INFO    | Ignore IPv6 address: 8e4:30e4:2902:0:60d0:30e4:2902:0
INFO    | Ignore IPv6 address: 8e4:30e4:2902:0:60d0:30e4:2902:0
INFO    | Ignore IPv6 address: d8f1:30e4:2902:0:60d0:30e4:2902:0
INFO    | Ignore IPv6 address: d8f1:30e4:2902:0:60d0:30e4:2902:0
INFO    | Ignore IPv6 address: d8f1:30e4:2902:0:60d0:30e4:2902:0
INFO    | Ignore IPv6 address: f8f7:30e4:2902:0:60d0:30e4:2902:0
INFO    | Ignore IPv6 address: f8f7:30e4:2902:0:60d0:30e4:2902:0
INFO    | Ignore IPv6 address: f8f7:30e4:2902:0:60d0:30e4:2902:0
INFO    | IPv4 server found: 192.168.100.10
INFO    | Ignore IPv6 address: c0d5:30e4:2902:0:60d0:30e4:2902:0
INFO    | Ignore IPv6 address: c0d5:30e4:2902:0:60d0:30e4:2902:0
INFO    | Ignore IPv6 address: c0d5:30e4:2902:0:60d0:30e4:2902:0
INFO    | Ignore IPv6 address: f0dd:30e4:2902:0:60d0:30e4:2902:0
INFO    | Ignore IPv6 address: f0dd:30e4:2902:0:60d0:30e4:2902:0
INFO    | Ignore IPv6 address: f0dd:30e4:2902:0:60d0:30e4:2902:0
INFO    | Ignore IPv6 address: 8e4:30e4:2902:0:60d0:30e4:2902:0
INFO    | Ignore IPv6 address: 8e4:30e4:2902:0:60d0:30e4:2902:0
INFO    | Ignore IPv6 address: 8e4:30e4:2902:0:60d0:30e4:2902:0
INFO    | Ignore IPv6 address: d8f1:30e4:2902:0:60d0:30e4:2902:0
INFO    | Ignore IPv6 address: d8f1:30e4:2902:0:60d0:30e4:2902:0
INFO    | Ignore IPv6 address: d8f1:30e4:2902:0:60d0:30e4:2902:0
INFO    | Ignore IPv6 address: f8f7:30e4:2902:0:60d0:30e4:2902:0
INFO    | Ignore IPv6 address: f8f7:30e4:2902:0:60d0:30e4:2902:0
INFO    | Ignore IPv6 address: f8f7:30e4:2902:0:60d0:30e4:2902:0
INFO    | IPv4 server found: 192.168.100.10
INFO    | Ignore IPv6 address: f06c:98c5:2902:0:9067:98c5:2902:0
INFO    | Ignore IPv6 address: f06c:98c5:2902:0:9067:98c5:2902:0
INFO    | Ignore IPv6 address: f06c:98c5:2902:0:9067:98c5:2902:0
INFO    | Ignore IPv6 address: 2075:98c5:2902:0:9067:98c5:2902:0
INFO    | Ignore IPv6 address: 2075:98c5:2902:0:9067:98c5:2902:0
INFO    | Ignore IPv6 address: 2075:98c5:2902:0:9067:98c5:2902:0
INFO    | Ignore IPv6 address: 387b:98c5:2902:0:9067:98c5:2902:0
INFO    | Ignore IPv6 address: 387b:98c5:2902:0:9067:98c5:2902:0
INFO    | Ignore IPv6 address: 387b:98c5:2902:0:9067:98c5:2902:0
INFO    | Ignore IPv6 address: 889:98c5:2902:0:9067:98c5:2902:0
INFO    | Ignore IPv6 address: 889:98c5:2902:0:9067:98c5:2902:0
INFO    | Ignore IPv6 address: 889:98c5:2902:0:9067:98c5:2902:0
INFO    | Ignore IPv6 address: 288f:98c5:2902:0:9067:98c5:2902:0
INFO    | Ignore IPv6 address: 288f:98c5:2902:0:9067:98c5:2902:0
INFO    | Ignore IPv6 address: 288f:98c5:2902:0:9067:98c5:2902:0
INFO    | IPv4 server found: 192.168.100.10
INFO    | Ignore IPv6 address: f06c:98c5:2902:0:9067:98c5:2902:0
INFO    | Ignore IPv6 address: f06c:98c5:2902:0:9067:98c5:2902:0
INFO    | Ignore IPv6 address: f06c:98c5:2902:0:9067:98c5:2902:0
INFO    | Ignore IPv6 address: 2075:98c5:2902:0:9067:98c5:2902:0
INFO    | Ignore IPv6 address: 2075:98c5:2902:0:9067:98c5:2902:0
INFO    | Ignore IPv6 address: 2075:98c5:2902:0:9067:98c5:2902:0
INFO    | Ignore IPv6 address: 387b:98c5:2902:0:9067:98c5:2902:0
INFO    | Ignore IPv6 address: 387b:98c5:2902:0:9067:98c5:2902:0
INFO    | Ignore IPv6 address: 387b:98c5:2902:0:9067:98c5:2902:0
INFO    | Ignore IPv6 address: 889:98c5:2902:0:9067:98c5:2902:0
INFO    | Ignore IPv6 address: 889:98c5:2902:0:9067:98c5:2902:0
INFO    | Ignore IPv6 address: 889:98c5:2902:0:9067:98c5:2902:0
INFO    | Ignore IPv6 address: 288f:98c5:2902:0:9067:98c5:2902:0
INFO    | Ignore IPv6 address: 288f:98c5:2902:0:9067:98c5:2902:0
INFO    | Ignore IPv6 address: 288f:98c5:2902:0:9067:98c5:2902:0
INFO    | IPv4 server found: 192.168.100.10
INFO    | Ignore IPv6 address: f06c:98c5:2902:0:9067:98c5:2902:0
INFO    | Ignore IPv6 address: f06c:98c5:2902:0:9067:98c5:2902:0
INFO    | Ignore IPv6 address: f06c:98c5:2902:0:9067:98c5:2902:0
INFO    | Ignore IPv6 address: 2075:98c5:2902:0:9067:98c5:2902:0
INFO    | Ignore IPv6 address: 2075:98c5:2902:0:9067:98c5:2902:0
INFO    | Ignore IPv6 address: 2075:98c5:2902:0:9067:98c5:2902:0
INFO    | Ignore IPv6 address: 387b:98c5:2902:0:9067:98c5:2902:0
INFO    | Ignore IPv6 address: 387b:98c5:2902:0:9067:98c5:2902:0
INFO    | Ignore IPv6 address: 387b:98c5:2902:0:9067:98c5:2902:0
INFO    | Ignore IPv6 address: 889:98c5:2902:0:9067:98c5:2902:0
INFO    | Ignore IPv6 address: 889:98c5:2902:0:9067:98c5:2902:0
INFO    | Ignore IPv6 address: 889:98c5:2902:0:9067:98c5:2902:0
INFO    | Ignore IPv6 address: 288f:98c5:2902:0:9067:98c5:2902:0
INFO    | Ignore IPv6 address: 288f:98c5:2902:0:9067:98c5:2902:0
INFO    | Ignore IPv6 address: 288f:98c5:2902:0:9067:98c5:2902:0
DEBUG   | Data frame has invalid ether type 0
DEBUG   | Unexpected ether type: 0. Dump frame: Data (Data)

DEBUG   | Data frame has invalid ether type 0
DEBUG   | Unexpected ether type: 0. Dump frame: Data (Data)

DEBUG   | Data frame has invalid ether type 0
DEBUG   | Unexpected ether type: 0. Dump frame: Data (Data)

DEBUG   | Data frame has invalid ether type 0
DEBUG   | Unexpected ether type: 0. Dump frame: Data (Data)

INFO    | Wait for emulator (pid 18304) 20 seconds to shutdown gracefully before kill;you can set environment variable ANDROID_EMULATOR_WAIT_TIME_BEFORE_KILL(in seconds) to change the default value (20 seconds)

WARNING | Not saving state: RAM not mapped as shared
WARNING | Emulator client has not yet been configured.. Call configure me first!
DEBUG   | Error reading from client fd: error
INFO    | Wait for emulator (pid 18304) 20 seconds to shutdown gracefully before kill;you can set environment variable ANDROID_EMULATOR_WAIT_TIME_BEFORE_KILL(in seconds) to change the default value (20 seconds)

DEBUG   | Done with QEMU main loop
DEBUG   | User configuration saved to C:\Users\krist\.android\avd\..\avd\Pixel_7a_API_35.avd\emulator-user.ini
DEBUG   | sending STOP to modem simulator host server
DEBUG   | received exit request from parent process
DEBUG   | waiting for monitor thread to join
DEBUG   | requested to exit now
DEBUG   | Hostapd main loop has stopped.
INFO    | emuDirName: 'C:\Users\krist\AppData\Local\Android\Sdk\emulator'
INFO    | try dir C:\Users\krist\AppData\Local\Android\Sdk\emulator
INFO    | Trying emulator path 'C:\Users\krist\AppData\Local\Android\Sdk\emulator\qemu\windows-x86_64\qemu-system-x86_64.exe'
INFO    | Found target-specific 64-bit emulator binary: C:\Users\krist\AppData\Local\Android\Sdk\emulator\qemu\windows-x86_64\qemu-system-x86_64.exe
INFO    | Adding library search path: 'C:\Users\krist\AppData\Local\Android\Sdk\emulator\lib64'
INFO    | Adding library search path: 'C:\Users\krist\AppData\Local\Android\Sdk\emulator\lib64\gles_swiftshader'
INFO    | Quoted param: [C:\Users\krist\AppData\Local\Android\Sdk\emulator\qemu\windows-x86_64\qemu-system-x86_64.exe]
INFO    | Quoted param: [-verbose]
INFO    | Quoted param: [-no-audio]
INFO    | Quoted param: [-no-boot-anim]
INFO    | Quoted param: [-read-only]
INFO    | Quoted param: [-port]
INFO    | Quoted param: [14102]
INFO    | Quoted param: [@Pixel_7a_API_35]
DEBUG   | emulator: Running :C:\Users\krist\AppData\Local\Android\Sdk\emulator\qemu\windows-x86_64\qemu-system-x86_64.exe
DEBUG   | qemu backend: argv[00] = "C:\Users\krist\AppData\Local\Android\Sdk\emulator\qemu\windows-x86_64\qemu-system-x86_64.exe"
DEBUG   | qemu backend: argv[01] = "-verbose"
DEBUG   | qemu backend: argv[02] = "-no-audio"
DEBUG   | qemu backend: argv[03] = "-no-boot-anim"
DEBUG   | qemu backend: argv[04] = "-read-only"
DEBUG   | qemu backend: argv[05] = "-port"
DEBUG   | qemu backend: argv[06] = "14102"
DEBUG   | qemu backend: argv[07] = "@Pixel_7a_API_35"
DEBUG   | Concatenated backend parameters:  C:\Users\krist\AppData\Local\Android\Sdk\emulator\qemu\windows-x86_64\qemu-system-x86_64.exe -verbose -no-audio -no-boot-anim -read-only -port 14102 @Pixel_7a_API_35
